Apr 19 06:46:19 fedora kernel: Linux version 6.2.9-300.fc38.x86_64 (mockbuild@38f30b3c0c69453fae61718fc43f33bc) (gcc (GCC) 13.0.1 20230318 (Red Hat 13.0.1-0), GNU ld version 2.39-9.fc38) #1 SMP PREEMPT_DYNAMIC Thu Mar 30 22:32:58 UTC 2023
Apr 19 06:46:19 fedora kernel: Command line: inst.method=https://kojipkgs.fedoraproject.org/compose/38/latest-Fedora-38/compose/Everything/x86_64/os/ inst.ks=file:/ks.cfg
Apr 19 06:46:19 fedora kernel: x86/fpu: Supporting XSAVE feature 0x001: 'x87 floating point registers'
Apr 19 06:46:19 fedora kernel: x86/fpu: Supporting XSAVE feature 0x002: 'SSE registers'
Apr 19 06:46:19 fedora kernel: x86/fpu: Supporting XSAVE feature 0x004: 'AVX registers'
Apr 19 06:46:19 fedora kernel: x86/fpu: Supporting XSAVE feature 0x020: 'AVX-512 opmask'
Apr 19 06:46:19 fedora kernel: x86/fpu: Supporting XSAVE feature 0x040: 'AVX-512 Hi256'
Apr 19 06:46:19 fedora kernel: x86/fpu: Supporting XSAVE feature 0x080: 'AVX-512 ZMM_Hi256'
Apr 19 06:46:19 fedora kernel: x86/fpu: Supporting XSAVE feature 0x200: 'Protection Keys User registers'
Apr 19 06:46:19 fedora kernel: x86/fpu: xstate_offset[2]:  576, xstate_sizes[2]:  256
Apr 19 06:46:19 fedora kernel: x86/fpu: xstate_offset[5]:  832, xstate_sizes[5]:   64
Apr 19 06:46:19 fedora kernel: x86/fpu: xstate_offset[6]:  896, xstate_sizes[6]:  512
Apr 19 06:46:19 fedora kernel: x86/fpu: xstate_offset[7]: 1408, xstate_sizes[7]: 1024
Apr 19 06:46:19 fedora kernel: x86/fpu: xstate_offset[9]: 2432, xstate_sizes[9]:    8
Apr 19 06:46:19 fedora kernel: x86/fpu: Enabled xstate features 0x2e7, context size is 2440 bytes, using 'compacted' format.
Apr 19 06:46:19 fedora kernel: signal: max sigframe size: 3632
Apr 19 06:46:19 fedora kernel: BIOS-provided physical RAM map:
Apr 19 06:46:19 fedora kernel: BIOS-e820: [mem 0x0000000000000000-0x000000000009fbff] usable
Apr 19 06:46:19 fedora kernel: BIOS-e820: [mem 0x000000000009fc00-0x000000000009ffff] reserved
Apr 19 06:46:19 fedora kernel: BIOS-e820: [mem 0x00000000000f0000-0x00000000000fffff] reserved
Apr 19 06:46:19 fedora kernel: BIOS-e820: [mem 0x0000000000100000-0x00000000bffdafff] usable
Apr 19 06:46:19 fedora kernel: BIOS-e820: [mem 0x00000000bffdb000-0x00000000bfffffff] reserved
Apr 19 06:46:19 fedora kernel: BIOS-e820: [mem 0x00000000feffc000-0x00000000feffffff] reserved
Apr 19 06:46:19 fedora kernel: BIOS-e820: [mem 0x00000000fffc0000-0x00000000ffffffff] reserved
Apr 19 06:46:19 fedora kernel: BIOS-e820: [mem 0x0000000100000000-0x000000013fffffff] usable
Apr 19 06:46:19 fedora kernel: NX (Execute Disable) protection: active
Apr 19 06:46:19 fedora kernel: SMBIOS 2.8 present.
Apr 19 06:46:19 fedora kernel: DMI: QEMU Standard PC (i440FX + PIIX, 1996), BIOS 1.16.2-1.fc37 04/01/2014
Apr 19 06:46:19 fedora kernel: Hypervisor detected: KVM
Apr 19 06:46:19 fedora kernel: kvm-clock: Using msrs 4b564d01 and 4b564d00
Apr 19 06:46:19 fedora kernel: kvm-clock: using sched offset of 973547247 cycles
Apr 19 06:46:19 fedora kernel: clocksource: kvm-clock: mask: 0xffffffffffffffff max_cycles: 0x1cd42e4dffb, max_idle_ns: 881590591483 ns
Apr 19 06:46:19 fedora kernel: tsc: Detected 2095.042 MHz processor
Apr 19 06:46:19 fedora kernel: e820: update [mem 0x00000000-0x00000fff] usable ==> reserved
Apr 19 06:46:19 fedora kernel: e820: remove [mem 0x000a0000-0x000fffff] usable
Apr 19 06:46:19 fedora kernel: last_pfn = 0x140000 max_arch_pfn = 0x400000000
Apr 19 06:46:19 fedora kernel: x86/PAT: Configuration [0-7]: WB  WC  UC- UC  WB  WP  UC- WT  
Apr 19 06:46:19 fedora kernel: last_pfn = 0xbffdb max_arch_pfn = 0x400000000
Apr 19 06:46:19 fedora kernel: found SMP MP-table at [mem 0x000f5af0-0x000f5aff]
Apr 19 06:46:19 fedora kernel: Using GB pages for direct mapping
Apr 19 06:46:19 fedora kernel: RAMDISK: [mem 0xb9813000-0xbffcffff]
Apr 19 06:46:19 fedora kernel: ACPI: Early table checksum verification disabled
Apr 19 06:46:19 fedora kernel: ACPI: RSDP 0x00000000000F5AB0 000014 (v00 BOCHS )
Apr 19 06:46:19 fedora kernel: ACPI: RSDT 0x00000000BFFE1786 000034 (v01 BOCHS  BXPC     00000001 BXPC 00000001)
Apr 19 06:46:19 fedora kernel: ACPI: FACP 0x00000000BFFE1622 000074 (v01 BOCHS  BXPC     00000001 BXPC 00000001)
Apr 19 06:46:19 fedora kernel: ACPI: DSDT 0x00000000BFFDFDC0 001862 (v01 BOCHS  BXPC     00000001 BXPC 00000001)
Apr 19 06:46:19 fedora kernel: ACPI: FACS 0x00000000BFFDFD80 000040
Apr 19 06:46:19 fedora kernel: ACPI: APIC 0x00000000BFFE1696 000090 (v01 BOCHS  BXPC     00000001 BXPC 00000001)
Apr 19 06:46:19 fedora kernel: ACPI: HPET 0x00000000BFFE1726 000038 (v01 BOCHS  BXPC     00000001 BXPC 00000001)
Apr 19 06:46:19 fedora kernel: ACPI: WAET 0x00000000BFFE175E 000028 (v01 BOCHS  BXPC     00000001 BXPC 00000001)
Apr 19 06:46:19 fedora kernel: ACPI: Reserving FACP table memory at [mem 0xbffe1622-0xbffe1695]
Apr 19 06:46:19 fedora kernel: ACPI: Reserving DSDT table memory at [mem 0xbffdfdc0-0xbffe1621]
Apr 19 06:46:19 fedora kernel: ACPI: Reserving FACS table memory at [mem 0xbffdfd80-0xbffdfdbf]
Apr 19 06:46:19 fedora kernel: ACPI: Reserving APIC table memory at [mem 0xbffe1696-0xbffe1725]
Apr 19 06:46:19 fedora kernel: ACPI: Reserving HPET table memory at [mem 0xbffe1726-0xbffe175d]
Apr 19 06:46:19 fedora kernel: ACPI: Reserving WAET table memory at [mem 0xbffe175e-0xbffe1785]
Apr 19 06:46:19 fedora kernel: No NUMA configuration found
Apr 19 06:46:19 fedora kernel: Faking a node at [mem 0x0000000000000000-0x000000013fffffff]
Apr 19 06:46:19 fedora kernel: NODE_DATA(0) allocated [mem 0x13ffd3000-0x13fffdfff]
Apr 19 06:46:19 fedora kernel: Zone ranges:
Apr 19 06:46:19 fedora kernel:   DMA      [mem 0x0000000000001000-0x0000000000ffffff]
Apr 19 06:46:19 fedora kernel:   DMA32    [mem 0x0000000001000000-0x00000000ffffffff]
Apr 19 06:46:19 fedora kernel:   Normal   [mem 0x0000000100000000-0x000000013fffffff]
Apr 19 06:46:19 fedora kernel:   Device   empty
Apr 19 06:46:19 fedora kernel: Movable zone start for each node
Apr 19 06:46:19 fedora kernel: Early memory node ranges
Apr 19 06:46:19 fedora kernel:   node   0: [mem 0x0000000000001000-0x000000000009efff]
Apr 19 06:46:19 fedora kernel:   node   0: [mem 0x0000000000100000-0x00000000bffdafff]
Apr 19 06:46:19 fedora kernel:   node   0: [mem 0x0000000100000000-0x000000013fffffff]
Apr 19 06:46:19 fedora kernel: Initmem setup node 0 [mem 0x0000000000001000-0x000000013fffffff]
Apr 19 06:46:19 fedora kernel: On node 0, zone DMA: 1 pages in unavailable ranges
Apr 19 06:46:19 fedora kernel: On node 0, zone DMA: 97 pages in unavailable ranges
Apr 19 06:46:19 fedora kernel: On node 0, zone Normal: 37 pages in unavailable ranges
Apr 19 06:46:19 fedora kernel: ACPI: PM-Timer IO Port: 0x608
Apr 19 06:46:19 fedora kernel: ACPI: LAPIC_NMI (acpi_id[0xff] dfl dfl lint[0x1])
Apr 19 06:46:19 fedora kernel: IOAPIC[0]: apic_id 0, version 17, address 0xfec00000, GSI 0-23
Apr 19 06:46:19 fedora kernel: ACPI: INT_SRC_OVR (bus 0 bus_irq 0 global_irq 2 dfl dfl)
Apr 19 06:46:19 fedora kernel: ACPI: INT_SRC_OVR (bus 0 bus_irq 5 global_irq 5 high level)
Apr 19 06:46:19 fedora kernel: ACPI: INT_SRC_OVR (bus 0 bus_irq 9 global_irq 9 high level)
Apr 19 06:46:19 fedora kernel: ACPI: INT_SRC_OVR (bus 0 bus_irq 10 global_irq 10 high level)
Apr 19 06:46:19 fedora kernel: ACPI: INT_SRC_OVR (bus 0 bus_irq 11 global_irq 11 high level)
Apr 19 06:46:19 fedora kernel: ACPI: Using ACPI (MADT) for SMP configuration information
Apr 19 06:46:19 fedora kernel: ACPI: HPET id: 0x8086a201 base: 0xfed00000
Apr 19 06:46:19 fedora kernel: TSC deadline timer available
Apr 19 06:46:19 fedora kernel: smpboot: Allowing 4 CPUs, 0 hotplug CPUs
Apr 19 06:46:19 fedora kernel: kvm-guest: KVM setup pv remote TLB flush
Apr 19 06:46:19 fedora kernel: kvm-guest: setup PV sched yield
Apr 19 06:46:19 fedora kernel: PM: hibernation: Registered nosave memory: [mem 0x00000000-0x00000fff]
Apr 19 06:46:19 fedora kernel: PM: hibernation: Registered nosave memory: [mem 0x0009f000-0x0009ffff]
Apr 19 06:46:19 fedora kernel: PM: hibernation: Registered nosave memory: [mem 0x000a0000-0x000effff]
Apr 19 06:46:19 fedora kernel: PM: hibernation: Registered nosave memory: [mem 0x000f0000-0x000fffff]
Apr 19 06:46:19 fedora kernel: PM: hibernation: Registered nosave memory: [mem 0xbffdb000-0xbfffffff]
Apr 19 06:46:19 fedora kernel: PM: hibernation: Registered nosave memory: [mem 0xc0000000-0xfeffbfff]
Apr 19 06:46:19 fedora kernel: PM: hibernation: Registered nosave memory: [mem 0xfeffc000-0xfeffffff]
Apr 19 06:46:19 fedora kernel: PM: hibernation: Registered nosave memory: [mem 0xff000000-0xfffbffff]
Apr 19 06:46:19 fedora kernel: PM: hibernation: Registered nosave memory: [mem 0xfffc0000-0xffffffff]
Apr 19 06:46:19 fedora kernel: [mem 0xc0000000-0xfeffbfff] available for PCI devices
Apr 19 06:46:19 fedora kernel: Booting paravirtualized kernel on KVM
Apr 19 06:46:19 fedora kernel: clocksource: refined-jiffies: mask: 0xffffffff max_cycles: 0xffffffff, max_idle_ns: 1910969940391419 ns
Apr 19 06:46:19 fedora kernel: setup_percpu: NR_CPUS:8192 nr_cpumask_bits:4 nr_cpu_ids:4 nr_node_ids:1
Apr 19 06:46:19 fedora kernel: percpu: Embedded 62 pages/cpu s217088 r8192 d28672 u524288
Apr 19 06:46:19 fedora kernel: pcpu-alloc: s217088 r8192 d28672 u524288 alloc=1*2097152
Apr 19 06:46:19 fedora kernel: pcpu-alloc: [0] 0 1 2 3 
Apr 19 06:46:19 fedora kernel: kvm-guest: PV spinlocks enabled
Apr 19 06:46:19 fedora kernel: PV qspinlock hash table entries: 256 (order: 0, 4096 bytes, linear)
Apr 19 06:46:19 fedora kernel: Fallback order for Node 0: 0 
Apr 19 06:46:19 fedora kernel: Built 1 zonelists, mobility grouping on.  Total pages: 1031899
Apr 19 06:46:19 fedora kernel: Policy zone: Normal
Apr 19 06:46:19 fedora kernel: Kernel command line: inst.method=https://kojipkgs.fedoraproject.org/compose/38/latest-Fedora-38/compose/Everything/x86_64/os/ inst.ks=file:/ks.cfg
Apr 19 06:46:19 fedora kernel: random: crng init done
Apr 19 06:46:19 fedora kernel: Dentry cache hash table entries: 524288 (order: 10, 4194304 bytes, linear)
Apr 19 06:46:19 fedora kernel: Inode-cache hash table entries: 262144 (order: 9, 2097152 bytes, linear)
Apr 19 06:46:19 fedora kernel: mem auto-init: stack:all(zero), heap alloc:off, heap free:off
Apr 19 06:46:19 fedora kernel: software IO TLB: area num 4.
Apr 19 06:46:19 fedora kernel: Memory: 3881780K/4193764K available (18432K kernel code, 3223K rwdata, 14020K rodata, 4360K init, 17584K bss, 311724K reserved, 0K cma-reserved)
Apr 19 06:46:19 fedora kernel: SLUB: HWalign=64, Order=0-3, MinObjects=0, CPUs=4, Nodes=1
Apr 19 06:46:19 fedora kernel: ftrace: allocating 51513 entries in 202 pages
Apr 19 06:46:19 fedora kernel: ftrace: allocated 202 pages with 4 groups
Apr 19 06:46:19 fedora kernel: Dynamic Preempt: voluntary
Apr 19 06:46:19 fedora kernel: rcu: Preemptible hierarchical RCU implementation.
Apr 19 06:46:19 fedora kernel: rcu:         RCU restricting CPUs from NR_CPUS=8192 to nr_cpu_ids=4.
Apr 19 06:46:19 fedora kernel:         Trampoline variant of Tasks RCU enabled.
Apr 19 06:46:19 fedora kernel:         Rude variant of Tasks RCU enabled.
Apr 19 06:46:19 fedora kernel:         Tracing variant of Tasks RCU enabled.
Apr 19 06:46:19 fedora kernel: rcu: RCU calculated value of scheduler-enlistment delay is 100 jiffies.
Apr 19 06:46:19 fedora kernel: rcu: Adjusting geometry for rcu_fanout_leaf=16, nr_cpu_ids=4
Apr 19 06:46:19 fedora kernel: NR_IRQS: 524544, nr_irqs: 456, preallocated irqs: 16
Apr 19 06:46:19 fedora kernel: rcu: srcu_init: Setting srcu_struct sizes based on contention.
Apr 19 06:46:19 fedora kernel: kfence: initialized - using 2097152 bytes for 255 objects at 0x(____ptrval____)-0x(____ptrval____)
Apr 19 06:46:19 fedora kernel: Console: colour VGA+ 80x25
Apr 19 06:46:19 fedora kernel: printk: console [tty0] enabled
Apr 19 06:46:19 fedora kernel: ACPI: Core revision 20221020
Apr 19 06:46:19 fedora kernel: clocksource: hpet: mask: 0xffffffff max_cycles: 0xffffffff, max_idle_ns: 19112604467 ns
Apr 19 06:46:19 fedora kernel: APIC: Switch to symmetric I/O mode setup
Apr 19 06:46:19 fedora kernel: x2apic enabled
Apr 19 06:46:19 fedora kernel: Switched APIC routing to physical x2apic.
Apr 19 06:46:19 fedora kernel: kvm-guest: setup PV IPIs
Apr 19 06:46:19 fedora kernel: ..TIMER: vector=0x30 apic1=0 pin1=2 apic2=-1 pin2=-1
Apr 19 06:46:19 fedora kernel: clocksource: tsc-early: mask: 0xffffffffffffffff max_cycles: 0x1e32e4e1d5f, max_idle_ns: 440795232214 ns
Apr 19 06:46:19 fedora kernel: Calibrating delay loop (skipped) preset value.. 4190.08 BogoMIPS (lpj=2095042)
Apr 19 06:46:19 fedora kernel: pid_max: default: 32768 minimum: 301
Apr 19 06:46:19 fedora kernel: LSM: initializing lsm=lockdown,capability,yama,integrity,selinux,bpf,landlock
Apr 19 06:46:19 fedora kernel: Yama: becoming mindful.
Apr 19 06:46:19 fedora kernel: SELinux:  Initializing.
Apr 19 06:46:19 fedora kernel: LSM support for eBPF active
Apr 19 06:46:19 fedora kernel: landlock: Up and running.
Apr 19 06:46:19 fedora kernel: Mount-cache hash table entries: 8192 (order: 4, 65536 bytes, linear)
Apr 19 06:46:19 fedora kernel: Mountpoint-cache hash table entries: 8192 (order: 4, 65536 bytes, linear)
Apr 19 06:46:19 fedora kernel: x86/cpu: User Mode Instruction Prevention (UMIP) activated
Apr 19 06:46:19 fedora kernel: Last level iTLB entries: 4KB 0, 2MB 0, 4MB 0
Apr 19 06:46:19 fedora kernel: Last level dTLB entries: 4KB 0, 2MB 0, 4MB 0, 1GB 0
Apr 19 06:46:19 fedora kernel: Spectre V1 : Mitigation: usercopy/swapgs barriers and __user pointer sanitization
Apr 19 06:46:19 fedora kernel: Spectre V2 : Mitigation: Enhanced IBRS
Apr 19 06:46:19 fedora kernel: Spectre V2 : Spectre v2 / SpectreRSB mitigation: Filling RSB on context switch
Apr 19 06:46:19 fedora kernel: Spectre V2 : Spectre v2 / PBRSB-eIBRS: Retire a single CALL on VMEXIT
Apr 19 06:46:19 fedora kernel: RETBleed: Mitigation: Enhanced IBRS
Apr 19 06:46:19 fedora kernel: Spectre V2 : mitigation: Enabling conditional Indirect Branch Prediction Barrier
Apr 19 06:46:19 fedora kernel: Speculative Store Bypass: Mitigation: Speculative Store Bypass disabled via prctl
Apr 19 06:46:19 fedora kernel: TAA: Mitigation: TSX disabled
Apr 19 06:46:19 fedora kernel: MMIO Stale Data: Vulnerable: Clear CPU buffers attempted, no microcode
Apr 19 06:46:19 fedora kernel: Freeing SMP alternatives memory: 44K
Apr 19 06:46:19 fedora kernel: smpboot: CPU0: Intel Xeon Processor (Cascadelake) (family: 0x6, model: 0x55, stepping: 0x6)
Apr 19 06:46:19 fedora kernel: cblist_init_generic: Setting adjustable number of callback queues.
Apr 19 06:46:19 fedora kernel: cblist_init_generic: Setting shift to 2 and lim to 1.
Apr 19 06:46:19 fedora kernel: cblist_init_generic: Setting shift to 2 and lim to 1.
Apr 19 06:46:19 fedora kernel: cblist_init_generic: Setting shift to 2 and lim to 1.
Apr 19 06:46:19 fedora kernel: Performance Events: unsupported p6 CPU model 85 no PMU driver, software events only.
Apr 19 06:46:19 fedora kernel: rcu: Hierarchical SRCU implementation.
Apr 19 06:46:19 fedora kernel: rcu:         Max phase no-delay instances is 400.
Apr 19 06:46:19 fedora kernel: NMI watchdog: Perf NMI watchdog permanently disabled
Apr 19 06:46:19 fedora kernel: smp: Bringing up secondary CPUs ...
Apr 19 06:46:19 fedora kernel: x86: Booting SMP configuration:
Apr 19 06:46:19 fedora kernel: .... node  #0, CPUs:      #1
Apr 19 06:46:19 fedora kernel: smpboot: CPU 1 Converting physical 0 to logical die 1
Apr 19 06:46:19 fedora kernel:  #2
Apr 19 06:46:19 fedora kernel: smpboot: CPU 2 Converting physical 0 to logical die 2
Apr 19 06:46:19 fedora kernel:  #3
Apr 19 06:46:19 fedora kernel: smpboot: CPU 3 Converting physical 0 to logical die 3
Apr 19 06:46:19 fedora kernel: smp: Brought up 1 node, 4 CPUs
Apr 19 06:46:19 fedora kernel: smpboot: Max logical packages: 4
Apr 19 06:46:19 fedora kernel: smpboot: Total of 4 processors activated (16760.33 BogoMIPS)
Apr 19 06:46:19 fedora kernel: devtmpfs: initialized
Apr 19 06:46:19 fedora kernel: x86/mm: Memory block size: 128MB
Apr 19 06:46:19 fedora kernel: clocksource: jiffies: mask: 0xffffffff max_cycles: 0xffffffff, max_idle_ns: 1911260446275000 ns
Apr 19 06:46:19 fedora kernel: futex hash table entries: 1024 (order: 4, 65536 bytes, linear)
Apr 19 06:46:19 fedora kernel: pinctrl core: initialized pinctrl subsystem
Apr 19 06:46:19 fedora kernel: PM: RTC time: 06:46:12, date: 2023-04-19
Apr 19 06:46:19 fedora kernel: NET: Registered PF_NETLINK/PF_ROUTE protocol family
Apr 19 06:46:19 fedora kernel: DMA: preallocated 512 KiB GFP_KERNEL pool for atomic allocations
Apr 19 06:46:19 fedora kernel: DMA: preallocated 512 KiB GFP_KERNEL|GFP_DMA pool for atomic allocations
Apr 19 06:46:19 fedora kernel: DMA: preallocated 512 KiB GFP_KERNEL|GFP_DMA32 pool for atomic allocations
Apr 19 06:46:19 fedora kernel: audit: initializing netlink subsys (disabled)
Apr 19 06:46:19 fedora kernel: audit: type=2000 audit(1681886772.353:1): state=initialized audit_enabled=0 res=1
Apr 19 06:46:19 fedora kernel: thermal_sys: Registered thermal governor 'fair_share'
Apr 19 06:46:19 fedora kernel: thermal_sys: Registered thermal governor 'bang_bang'
Apr 19 06:46:19 fedora kernel: thermal_sys: Registered thermal governor 'step_wise'
Apr 19 06:46:19 fedora kernel: thermal_sys: Registered thermal governor 'user_space'
Apr 19 06:46:19 fedora kernel: cpuidle: using governor menu
Apr 19 06:46:19 fedora kernel: acpiphp: ACPI Hot Plug PCI Controller Driver version: 0.5
Apr 19 06:46:19 fedora kernel: PCI: Using configuration type 1 for base access
Apr 19 06:46:19 fedora kernel: kprobes: kprobe jump-optimization is enabled. All kprobes are optimized if possible.
Apr 19 06:46:19 fedora kernel: HugeTLB: registered 1.00 GiB page size, pre-allocated 0 pages
Apr 19 06:46:19 fedora kernel: HugeTLB: 16380 KiB vmemmap can be freed for a 1.00 GiB page
Apr 19 06:46:19 fedora kernel: HugeTLB: registered 2.00 MiB page size, pre-allocated 0 pages
Apr 19 06:46:19 fedora kernel: HugeTLB: 28 KiB vmemmap can be freed for a 2.00 MiB page
Apr 19 06:46:19 fedora kernel: cryptd: max_cpu_qlen set to 1000
Apr 19 06:46:19 fedora kernel: raid6: skipped pq benchmark and selected avx512x4
Apr 19 06:46:19 fedora kernel: raid6: using avx512x2 recovery algorithm
Apr 19 06:46:19 fedora kernel: ACPI: Added _OSI(Module Device)
Apr 19 06:46:19 fedora kernel: ACPI: Added _OSI(Processor Device)
Apr 19 06:46:19 fedora kernel: ACPI: Added _OSI(3.0 _SCP Extensions)
Apr 19 06:46:19 fedora kernel: ACPI: Added _OSI(Processor Aggregator Device)
Apr 19 06:46:19 fedora kernel: ACPI: 1 ACPI AML tables successfully acquired and loaded
Apr 19 06:46:19 fedora kernel: ACPI: Interpreter enabled
Apr 19 06:46:19 fedora kernel: ACPI: PM: (supports S0 S3 S4 S5)
Apr 19 06:46:19 fedora kernel: ACPI: Using IOAPIC for interrupt routing
Apr 19 06:46:19 fedora kernel: PCI: Using host bridge windows from ACPI; if necessary, use "pci=nocrs" and report a bug
Apr 19 06:46:19 fedora kernel: PCI: Using E820 reservations for host bridge windows
Apr 19 06:46:19 fedora kernel: ACPI: Enabled 2 GPEs in block 00 to 0F
Apr 19 06:46:19 fedora kernel: ACPI: PCI Root Bridge [PCI0] (domain 0000 [bus 00-ff])
Apr 19 06:46:19 fedora kernel: acpi PNP0A03:00: _OSC: OS supports [ASPM ClockPM Segments MSI EDR HPX-Type3]
Apr 19 06:46:19 fedora kernel: acpi PNP0A03:00: _OSC: not requesting OS control; OS requires [ExtendedConfig ASPM ClockPM MSI]
Apr 19 06:46:19 fedora kernel: acpi PNP0A03:00: fail to add MMCONFIG information, can't access extended configuration space under this bridge
Apr 19 06:46:19 fedora kernel: acpiphp: Slot [3] registered
Apr 19 06:46:19 fedora kernel: acpiphp: Slot [4] registered
Apr 19 06:46:19 fedora kernel: acpiphp: Slot [5] registered
Apr 19 06:46:19 fedora kernel: acpiphp: Slot [6] registered
Apr 19 06:46:19 fedora kernel: acpiphp: Slot [7] registered
Apr 19 06:46:19 fedora kernel: acpiphp: Slot [8] registered
Apr 19 06:46:19 fedora kernel: acpiphp: Slot [9] registered
Apr 19 06:46:19 fedora kernel: acpiphp: Slot [10] registered
Apr 19 06:46:19 fedora kernel: acpiphp: Slot [11] registered
Apr 19 06:46:19 fedora kernel: acpiphp: Slot [12] registered
Apr 19 06:46:19 fedora kernel: acpiphp: Slot [13] registered
Apr 19 06:46:19 fedora kernel: acpiphp: Slot [14] registered
Apr 19 06:46:19 fedora kernel: acpiphp: Slot [15] registered
Apr 19 06:46:19 fedora kernel: acpiphp: Slot [16] registered
Apr 19 06:46:19 fedora kernel: acpiphp: Slot [17] registered
Apr 19 06:46:19 fedora kernel: acpiphp: Slot [18] registered
Apr 19 06:46:19 fedora kernel: acpiphp: Slot [19] registered
Apr 19 06:46:19 fedora kernel: acpiphp: Slot [20] registered
Apr 19 06:46:19 fedora kernel: acpiphp: Slot [21] registered
Apr 19 06:46:19 fedora kernel: acpiphp: Slot [22] registered
Apr 19 06:46:19 fedora kernel: acpiphp: Slot [23] registered
Apr 19 06:46:19 fedora kernel: acpiphp: Slot [24] registered
Apr 19 06:46:19 fedora kernel: acpiphp: Slot [25] registered
Apr 19 06:46:19 fedora kernel: acpiphp: Slot [26] registered
Apr 19 06:46:19 fedora kernel: acpiphp: Slot [27] registered
Apr 19 06:46:19 fedora kernel: acpiphp: Slot [28] registered
Apr 19 06:46:19 fedora kernel: acpiphp: Slot [29] registered
Apr 19 06:46:19 fedora kernel: acpiphp: Slot [30] registered
Apr 19 06:46:19 fedora kernel: acpiphp: Slot [31] registered
Apr 19 06:46:19 fedora kernel: PCI host bridge to bus 0000:00
Apr 19 06:46:19 fedora kernel: pci_bus 0000:00: root bus resource [io  0x0000-0x0cf7 window]
Apr 19 06:46:19 fedora kernel: pci_bus 0000:00: root bus resource [io  0x0d00-0xffff window]
Apr 19 06:46:19 fedora kernel: pci_bus 0000:00: root bus resource [mem 0x000a0000-0x000bffff window]
Apr 19 06:46:19 fedora kernel: pci_bus 0000:00: root bus resource [mem 0xc0000000-0xfebfffff window]
Apr 19 06:46:19 fedora kernel: pci_bus 0000:00: root bus resource [mem 0x140000000-0x1bfffffff window]
Apr 19 06:46:19 fedora kernel: pci_bus 0000:00: root bus resource [bus 00-ff]
Apr 19 06:46:19 fedora kernel: pci 0000:00:00.0: [8086:1237] type 00 class 0x060000
Apr 19 06:46:19 fedora kernel: pci 0000:00:01.0: [8086:7000] type 00 class 0x060100
Apr 19 06:46:19 fedora kernel: pci 0000:00:01.1: [8086:7010] type 00 class 0x010180
Apr 19 06:46:19 fedora kernel: pci 0000:00:01.1: reg 0x20: [io  0xc160-0xc16f]
Apr 19 06:46:19 fedora kernel: pci 0000:00:01.1: legacy IDE quirk: reg 0x10: [io  0x01f0-0x01f7]
Apr 19 06:46:19 fedora kernel: pci 0000:00:01.1: legacy IDE quirk: reg 0x14: [io  0x03f6]
Apr 19 06:46:19 fedora kernel: pci 0000:00:01.1: legacy IDE quirk: reg 0x18: [io  0x0170-0x0177]
Apr 19 06:46:19 fedora kernel: pci 0000:00:01.1: legacy IDE quirk: reg 0x1c: [io  0x0376]
Apr 19 06:46:19 fedora kernel: pci 0000:00:01.2: [8086:7020] type 00 class 0x0c0300
Apr 19 06:46:19 fedora kernel: pci 0000:00:01.2: reg 0x20: [io  0xc100-0xc11f]
Apr 19 06:46:19 fedora kernel: pci 0000:00:01.3: [8086:7113] type 00 class 0x068000
Apr 19 06:46:19 fedora kernel: pci 0000:00:01.3: quirk: [io  0x0600-0x063f] claimed by PIIX4 ACPI
Apr 19 06:46:19 fedora kernel: pci 0000:00:01.3: quirk: [io  0x0700-0x070f] claimed by PIIX4 SMB
Apr 19 06:46:19 fedora kernel: pci 0000:00:02.0: [1013:00b8] type 00 class 0x030000
Apr 19 06:46:19 fedora kernel: pci 0000:00:02.0: reg 0x10: [mem 0xfc000000-0xfdffffff pref]
Apr 19 06:46:19 fedora kernel: pci 0000:00:02.0: reg 0x14: [mem 0xfebd0000-0xfebd0fff]
Apr 19 06:46:19 fedora kernel: pci 0000:00:02.0: reg 0x30: [mem 0xfebc0000-0xfebcffff pref]
Apr 19 06:46:19 fedora kernel: pci 0000:00:02.0: Video device with shadowed ROM at [mem 0x000c0000-0x000dffff]
Apr 19 06:46:19 fedora kernel: pci 0000:00:03.0: [1af4:1000] type 00 class 0x020000
Apr 19 06:46:19 fedora kernel: pci 0000:00:03.0: reg 0x10: [io  0xc120-0xc13f]
Apr 19 06:46:19 fedora kernel: pci 0000:00:03.0: reg 0x14: [mem 0xfebd1000-0xfebd1fff]
Apr 19 06:46:19 fedora kernel: pci 0000:00:03.0: reg 0x20: [mem 0xfe000000-0xfe003fff 64bit pref]
Apr 19 06:46:19 fedora kernel: pci 0000:00:03.0: reg 0x30: [mem 0xfeb80000-0xfebbffff pref]
Apr 19 06:46:19 fedora kernel: pci 0000:00:04.0: [1af4:1003] type 00 class 0x078000
Apr 19 06:46:19 fedora kernel: pci 0000:00:04.0: reg 0x10: [io  0xc080-0xc0bf]
Apr 19 06:46:19 fedora kernel: pci 0000:00:04.0: reg 0x14: [mem 0xfebd2000-0xfebd2fff]
Apr 19 06:46:19 fedora kernel: pci 0000:00:04.0: reg 0x20: [mem 0xfe004000-0xfe007fff 64bit pref]
Apr 19 06:46:19 fedora kernel: pci 0000:00:05.0: [1af4:1001] type 00 class 0x010000
Apr 19 06:46:19 fedora kernel: pci 0000:00:05.0: reg 0x10: [io  0xc000-0xc07f]
Apr 19 06:46:19 fedora kernel: pci 0000:00:05.0: reg 0x14: [mem 0xfebd3000-0xfebd3fff]
Apr 19 06:46:19 fedora kernel: pci 0000:00:05.0: reg 0x20: [mem 0xfe008000-0xfe00bfff 64bit pref]
Apr 19 06:46:19 fedora kernel: pci 0000:00:06.0: [1af4:1002] type 00 class 0x00ff00
Apr 19 06:46:19 fedora kernel: pci 0000:00:06.0: reg 0x10: [io  0xc0c0-0xc0ff]
Apr 19 06:46:19 fedora kernel: pci 0000:00:06.0: reg 0x20: [mem 0xfe00c000-0xfe00ffff 64bit pref]
Apr 19 06:46:19 fedora kernel: pci 0000:00:07.0: [1af4:1005] type 00 class 0x00ff00
Apr 19 06:46:19 fedora kernel: pci 0000:00:07.0: reg 0x10: [io  0xc140-0xc15f]
Apr 19 06:46:19 fedora kernel: pci 0000:00:07.0: reg 0x20: [mem 0xfe010000-0xfe013fff 64bit pref]
Apr 19 06:46:19 fedora kernel: ACPI: PCI: Interrupt link LNKA configured for IRQ 10
Apr 19 06:46:19 fedora kernel: ACPI: PCI: Interrupt link LNKB configured for IRQ 10
Apr 19 06:46:19 fedora kernel: ACPI: PCI: Interrupt link LNKC configured for IRQ 11
Apr 19 06:46:19 fedora kernel: ACPI: PCI: Interrupt link LNKD configured for IRQ 11
Apr 19 06:46:19 fedora kernel: ACPI: PCI: Interrupt link LNKS configured for IRQ 9
Apr 19 06:46:19 fedora kernel: iommu: Default domain type: Translated 
Apr 19 06:46:19 fedora kernel: iommu: DMA domain TLB invalidation policy: lazy mode 
Apr 19 06:46:19 fedora kernel: SCSI subsystem initialized
Apr 19 06:46:19 fedora kernel: libata version 3.00 loaded.
Apr 19 06:46:19 fedora kernel: ACPI: bus type USB registered
Apr 19 06:46:19 fedora kernel: usbcore: registered new interface driver usbfs
Apr 19 06:46:19 fedora kernel: usbcore: registered new interface driver hub
Apr 19 06:46:19 fedora kernel: usbcore: registered new device driver usb
Apr 19 06:46:19 fedora kernel: pps_core: LinuxPPS API ver. 1 registered
Apr 19 06:46:19 fedora kernel: pps_core: Software ver. 5.3.6 - Copyright 2005-2007 Rodolfo Giometti <giometti@linux.it>
Apr 19 06:46:19 fedora kernel: PTP clock support registered
Apr 19 06:46:19 fedora kernel: EDAC MC: Ver: 3.0.0
Apr 19 06:46:19 fedora kernel: NetLabel: Initializing
Apr 19 06:46:19 fedora kernel: NetLabel:  domain hash size = 128
Apr 19 06:46:19 fedora kernel: NetLabel:  protocols = UNLABELED CIPSOv4 CALIPSO
Apr 19 06:46:19 fedora kernel: NetLabel:  unlabeled traffic allowed by default
Apr 19 06:46:19 fedora kernel: mctp: management component transport protocol core
Apr 19 06:46:19 fedora kernel: NET: Registered PF_MCTP protocol family
Apr 19 06:46:19 fedora kernel: PCI: Using ACPI for IRQ routing
Apr 19 06:46:19 fedora kernel: PCI: pci_cache_line_size set to 64 bytes
Apr 19 06:46:19 fedora kernel: e820: reserve RAM buffer [mem 0x0009fc00-0x0009ffff]
Apr 19 06:46:19 fedora kernel: e820: reserve RAM buffer [mem 0xbffdb000-0xbfffffff]
Apr 19 06:46:19 fedora kernel: pci 0000:00:02.0: vgaarb: setting as boot VGA device
Apr 19 06:46:19 fedora kernel: pci 0000:00:02.0: vgaarb: bridge control possible
Apr 19 06:46:19 fedora kernel: pci 0000:00:02.0: vgaarb: VGA device added: decodes=io+mem,owns=io+mem,locks=none
Apr 19 06:46:19 fedora kernel: vgaarb: loaded
Apr 19 06:46:19 fedora kernel: hpet0: at MMIO 0xfed00000, IRQs 2, 8, 0
Apr 19 06:46:19 fedora kernel: hpet0: 3 comparators, 64-bit 100.000000 MHz counter
Apr 19 06:46:19 fedora kernel: clocksource: Switched to clocksource kvm-clock
Apr 19 06:46:19 fedora kernel: VFS: Disk quotas dquot_6.6.0
Apr 19 06:46:19 fedora kernel: VFS: Dquot-cache hash table entries: 512 (order 0, 4096 bytes)
Apr 19 06:46:19 fedora kernel: pnp: PnP ACPI init
Apr 19 06:46:19 fedora kernel: pnp 00:04: [dma 2]
Apr 19 06:46:19 fedora kernel: pnp: PnP ACPI: found 6 devices
Apr 19 06:46:19 fedora kernel: clocksource: acpi_pm: mask: 0xffffff max_cycles: 0xffffff, max_idle_ns: 2085701024 ns
Apr 19 06:46:19 fedora kernel: NET: Registered PF_INET protocol family
Apr 19 06:46:19 fedora kernel: IP idents hash table entries: 65536 (order: 7, 524288 bytes, linear)
Apr 19 06:46:19 fedora kernel: tcp_listen_portaddr_hash hash table entries: 2048 (order: 3, 32768 bytes, linear)
Apr 19 06:46:19 fedora kernel: Table-perturb hash table entries: 65536 (order: 6, 262144 bytes, linear)
Apr 19 06:46:19 fedora kernel: TCP established hash table entries: 32768 (order: 6, 262144 bytes, linear)
Apr 19 06:46:19 fedora kernel: TCP bind hash table entries: 32768 (order: 8, 1048576 bytes, linear)
Apr 19 06:46:19 fedora kernel: TCP: Hash tables configured (established 32768 bind 32768)
Apr 19 06:46:19 fedora kernel: MPTCP token hash table entries: 4096 (order: 4, 98304 bytes, linear)
Apr 19 06:46:19 fedora kernel: UDP hash table entries: 2048 (order: 4, 65536 bytes, linear)
Apr 19 06:46:19 fedora kernel: UDP-Lite hash table entries: 2048 (order: 4, 65536 bytes, linear)
Apr 19 06:46:19 fedora kernel: NET: Registered PF_UNIX/PF_LOCAL protocol family
Apr 19 06:46:19 fedora kernel: NET: Registered PF_XDP protocol family
Apr 19 06:46:19 fedora kernel: pci_bus 0000:00: resource 4 [io  0x0000-0x0cf7 window]
Apr 19 06:46:19 fedora kernel: pci_bus 0000:00: resource 5 [io  0x0d00-0xffff window]
Apr 19 06:46:19 fedora kernel: pci_bus 0000:00: resource 6 [mem 0x000a0000-0x000bffff window]
Apr 19 06:46:19 fedora kernel: pci_bus 0000:00: resource 7 [mem 0xc0000000-0xfebfffff window]
Apr 19 06:46:19 fedora kernel: pci_bus 0000:00: resource 8 [mem 0x140000000-0x1bfffffff window]
Apr 19 06:46:19 fedora kernel: pci 0000:00:01.0: PIIX3: Enabling Passive Release
Apr 19 06:46:19 fedora kernel: pci 0000:00:00.0: Limiting direct PCI/PCI transfers
Apr 19 06:46:19 fedora kernel: ACPI: \_SB_.LNKD: Enabled at IRQ 11
Apr 19 06:46:19 fedora kernel: pci 0000:00:01.2: quirk_usb_early_handoff+0x0/0x7c0 took 51589 usecs
Apr 19 06:46:19 fedora kernel: PCI: CLS 0 bytes, default 64
Apr 19 06:46:19 fedora kernel: PCI-DMA: Using software bounce buffering for IO (SWIOTLB)
Apr 19 06:46:19 fedora kernel: Trying to unpack rootfs image as initramfs...
Apr 19 06:46:19 fedora kernel: software IO TLB: mapped [mem 0x00000000b5813000-0x00000000b9813000] (64MB)
Apr 19 06:46:19 fedora kernel: clocksource: tsc: mask: 0xffffffffffffffff max_cycles: 0x1e32e4e1d5f, max_idle_ns: 440795232214 ns
Apr 19 06:46:19 fedora kernel: Initialise system trusted keyrings
Apr 19 06:46:19 fedora kernel: Key type blacklist registered
Apr 19 06:46:19 fedora kernel: workingset: timestamp_bits=36 max_order=20 bucket_order=0
Apr 19 06:46:19 fedora kernel: zbud: loaded
Apr 19 06:46:19 fedora kernel: integrity: Platform Keyring initialized
Apr 19 06:46:19 fedora kernel: integrity: Machine keyring initialized
Apr 19 06:46:19 fedora kernel: NET: Registered PF_ALG protocol family
Apr 19 06:46:19 fedora kernel: xor: automatically using best checksumming function   avx       
Apr 19 06:46:19 fedora kernel: Key type asymmetric registered
Apr 19 06:46:19 fedora kernel: Asymmetric key parser 'x509' registered
Apr 19 06:46:19 fedora kernel: Freeing initrd memory: 106228K
Apr 19 06:46:19 fedora kernel: Block layer SCSI generic (bsg) driver version 0.4 loaded (major 245)
Apr 19 06:46:19 fedora kernel: io scheduler mq-deadline registered
Apr 19 06:46:19 fedora kernel: io scheduler kyber registered
Apr 19 06:46:19 fedora kernel: io scheduler bfq registered
Apr 19 06:46:19 fedora kernel: atomic64_test: passed for x86-64 platform with CX8 and with SSE
Apr 19 06:46:19 fedora kernel: shpchp: Standard Hot Plug PCI Controller Driver version: 0.4
Apr 19 06:46:19 fedora kernel: input: Power Button as /devices/LNXSYSTM:00/LNXPWRBN:00/input/input0
Apr 19 06:46:19 fedora kernel: ACPI: button: Power Button [PWRF]
Apr 19 06:46:19 fedora kernel: ACPI: \_SB_.LNKC: Enabled at IRQ 10
Apr 19 06:46:19 fedora kernel: ACPI: \_SB_.LNKA: Enabled at IRQ 10
Apr 19 06:46:19 fedora kernel: ACPI: \_SB_.LNKB: Enabled at IRQ 11
Apr 19 06:46:19 fedora kernel: Serial: 8250/16550 driver, 32 ports, IRQ sharing enabled
Apr 19 06:46:19 fedora kernel: 00:00: ttyS1 at I/O 0x2f8 (irq = 3, base_baud = 115200) is a 16550A
Apr 19 06:46:19 fedora kernel: 00:01: ttyS0 at I/O 0x3f8 (irq = 4, base_baud = 115200) is a 16550A
Apr 19 06:46:19 fedora kernel: Non-volatile memory driver v1.3
Apr 19 06:46:19 fedora kernel: Linux agpgart interface v0.103
Apr 19 06:46:19 fedora kernel: ACPI: bus type drm_connector registered
Apr 19 06:46:19 fedora kernel: ata_piix 0000:00:01.1: version 2.13
Apr 19 06:46:19 fedora kernel: scsi host0: ata_piix
Apr 19 06:46:19 fedora kernel: scsi host1: ata_piix
Apr 19 06:46:19 fedora kernel: ata1: PATA max MWDMA2 cmd 0x1f0 ctl 0x3f6 bmdma 0xc160 irq 14
Apr 19 06:46:19 fedora kernel: ata2: PATA max MWDMA2 cmd 0x170 ctl 0x376 bmdma 0xc168 irq 15
Apr 19 06:46:19 fedora kernel: uhci_hcd 0000:00:01.2: UHCI Host Controller
Apr 19 06:46:19 fedora kernel: uhci_hcd 0000:00:01.2: new USB bus registered, assigned bus number 1
Apr 19 06:46:19 fedora kernel: uhci_hcd 0000:00:01.2: detected 2 ports
Apr 19 06:46:19 fedora kernel: uhci_hcd 0000:00:01.2: irq 11, io port 0x0000c100
Apr 19 06:46:19 fedora kernel: usb usb1: New USB device found, idVendor=1d6b, idProduct=0001, bcdDevice= 6.02
Apr 19 06:46:19 fedora kernel: usb usb1: New USB device strings: Mfr=3, Product=2, SerialNumber=1
Apr 19 06:46:19 fedora kernel: usb usb1: Product: UHCI Host Controller
Apr 19 06:46:19 fedora kernel: usb usb1: Manufacturer: Linux 6.2.9-300.fc38.x86_64 uhci_hcd
Apr 19 06:46:19 fedora kernel: usb usb1: SerialNumber: 0000:00:01.2
Apr 19 06:46:19 fedora kernel: hub 1-0:1.0: USB hub found
Apr 19 06:46:19 fedora kernel: hub 1-0:1.0: 2 ports detected
Apr 19 06:46:19 fedora kernel: usbcore: registered new interface driver usbserial_generic
Apr 19 06:46:19 fedora kernel: usbserial: USB Serial support registered for generic
Apr 19 06:46:19 fedora kernel: i8042: PNP: PS/2 Controller [PNP0303:KBD,PNP0f13:MOU] at 0x60,0x64 irq 1,12
Apr 19 06:46:19 fedora kernel: serio: i8042 KBD port at 0x60,0x64 irq 1
Apr 19 06:46:19 fedora kernel: serio: i8042 AUX port at 0x60,0x64 irq 12
Apr 19 06:46:19 fedora kernel: mousedev: PS/2 mouse device common for all mice
Apr 19 06:46:19 fedora kernel: rtc_cmos 00:05: RTC can wake from S4
Apr 19 06:46:19 fedora kernel: input: AT Translated Set 2 keyboard as /devices/platform/i8042/serio0/input/input1
Apr 19 06:46:19 fedora kernel: rtc_cmos 00:05: registered as rtc0
Apr 19 06:46:19 fedora kernel: rtc_cmos 00:05: setting system clock to 2023-04-19T06:46:18 UTC (1681886778)
Apr 19 06:46:19 fedora kernel: input: VirtualPS/2 VMware VMMouse as /devices/platform/i8042/serio1/input/input4
Apr 19 06:46:19 fedora kernel: rtc_cmos 00:05: alarms up to one day, y3k, 242 bytes nvram, hpet irqs
Apr 19 06:46:19 fedora kernel: device-mapper: core: CONFIG_IMA_DISABLE_HTABLE is disabled. Duplicate IMA measurements will not be recorded in the IMA log.
Apr 19 06:46:19 fedora kernel: device-mapper: uevent: version 1.0.3
Apr 19 06:46:19 fedora kernel: input: VirtualPS/2 VMware VMMouse as /devices/platform/i8042/serio1/input/input3
Apr 19 06:46:19 fedora kernel: device-mapper: ioctl: 4.47.0-ioctl (2022-07-28) initialised: dm-devel@redhat.com
Apr 19 06:46:19 fedora kernel: intel_pstate: CPU model not supported
Apr 19 06:46:19 fedora kernel: hid: raw HID events driver (C) Jiri Kosina
Apr 19 06:46:19 fedora kernel: usbcore: registered new interface driver usbhid
Apr 19 06:46:19 fedora kernel: usbhid: USB HID core driver
Apr 19 06:46:19 fedora kernel: drop_monitor: Initializing network drop monitor service
Apr 19 06:46:19 fedora kernel: Initializing XFRM netlink socket
Apr 19 06:46:19 fedora kernel: NET: Registered PF_INET6 protocol family
Apr 19 06:46:19 fedora kernel: Segment Routing with IPv6
Apr 19 06:46:19 fedora kernel: RPL Segment Routing with IPv6
Apr 19 06:46:19 fedora kernel: In-situ OAM (IOAM) with IPv6
Apr 19 06:46:19 fedora kernel: mip6: Mobile IPv6
Apr 19 06:46:19 fedora kernel: NET: Registered PF_PACKET protocol family
Apr 19 06:46:19 fedora kernel: No MBM correction factor available
Apr 19 06:46:19 fedora kernel: IPI shorthand broadcast: enabled
Apr 19 06:46:19 fedora kernel: AVX2 version of gcm_enc/dec engaged.
Apr 19 06:46:19 fedora kernel: AES CTR mode by8 optimization enabled
Apr 19 06:46:19 fedora kernel: registered taskstats version 1
Apr 19 06:46:19 fedora kernel: Loading compiled-in X.509 certificates
Apr 19 06:46:19 fedora kernel: Loaded X.509 cert 'Fedora kernel signing key: ee710d21b2c006d3ae772e96c423439621dcda62'
Apr 19 06:46:19 fedora kernel: zswap: loaded using pool lzo/zbud
Apr 19 06:46:19 fedora kernel: page_owner is disabled
Apr 19 06:46:19 fedora kernel: Key type .fscrypt registered
Apr 19 06:46:19 fedora kernel: Key type fscrypt-provisioning registered
Apr 19 06:46:19 fedora kernel: Btrfs loaded, crc32c=crc32c-generic, zoned=yes, fsverity=yes
Apr 19 06:46:19 fedora kernel: Key type big_key registered
Apr 19 06:46:19 fedora kernel: Key type encrypted registered
Apr 19 06:46:19 fedora kernel: ima: No TPM chip found, activating TPM-bypass!
Apr 19 06:46:19 fedora kernel: Loading compiled-in module X.509 certificates
Apr 19 06:46:19 fedora kernel: Loaded X.509 cert 'Fedora kernel signing key: ee710d21b2c006d3ae772e96c423439621dcda62'
Apr 19 06:46:19 fedora kernel: ima: Allocated hash algorithm: sha256
Apr 19 06:46:19 fedora kernel: ima: No architecture policies found
Apr 19 06:46:19 fedora kernel: evm: Initialising EVM extended attributes:
Apr 19 06:46:19 fedora kernel: evm: security.selinux
Apr 19 06:46:19 fedora kernel: evm: security.SMACK64 (disabled)
Apr 19 06:46:19 fedora kernel: evm: security.SMACK64EXEC (disabled)
Apr 19 06:46:19 fedora kernel: evm: security.SMACK64TRANSMUTE (disabled)
Apr 19 06:46:19 fedora kernel: evm: security.SMACK64MMAP (disabled)
Apr 19 06:46:19 fedora kernel: evm: security.apparmor (disabled)
Apr 19 06:46:19 fedora kernel: evm: security.ima
Apr 19 06:46:19 fedora kernel: evm: security.capability
Apr 19 06:46:19 fedora kernel: evm: HMAC attrs: 0x1
Apr 19 06:46:19 fedora kernel: alg: No test for 842 (842-scomp)
Apr 19 06:46:19 fedora kernel: alg: No test for 842 (842-generic)
Apr 19 06:46:19 fedora kernel: PM:   Magic number: 3:286:772
Apr 19 06:46:19 fedora kernel: RAS: Correctable Errors collector initialized.
Apr 19 06:46:19 fedora kernel: Unstable clock detected, switching default tracing clock to "global"
                               If you want to keep using the local clock, then add:
                                 "trace_clock=local"
                               on the kernel command line
Apr 19 06:46:19 fedora kernel: Freeing unused decrypted memory: 2036K
Apr 19 06:46:19 fedora kernel: Freeing unused kernel image (initmem) memory: 4360K
Apr 19 06:46:19 fedora kernel: Write protecting the kernel read-only data: 32768k
Apr 19 06:46:19 fedora kernel: Freeing unused kernel image (rodata/data gap) memory: 316K
Apr 19 06:46:19 fedora kernel: x86/mm: Checked W+X mappings: passed, no W+X pages found.
Apr 19 06:46:19 fedora kernel: rodata_test: all tests were successful
Apr 19 06:46:19 fedora kernel: Run /init as init process
Apr 19 06:46:19 fedora kernel:   with arguments:
Apr 19 06:46:19 fedora kernel:     /init
Apr 19 06:46:19 fedora kernel:   with environment:
Apr 19 06:46:19 fedora kernel:     HOME=/
Apr 19 06:46:19 fedora kernel:     TERM=linux
Apr 19 06:46:19 fedora systemd[1]: systemd 253.2-1.fc38 running in system mode (+PAM +AUDIT +SELINUX -APPARMOR +IMA +SMACK +SECCOMP -GCRYPT +GNUTLS +OPENSSL +ACL +BLKID +CURL +ELFUTILS +FIDO2 +IDN2 -IDN -IPTC +KMOD +LIBCRYPTSETUP +LIBFDISK +PCRE2 +PWQUALITY +P11KIT +QRENCODE +TPM2 +BZIP2 +LZ4 +XZ +ZLIB +ZSTD +BPF_FRAMEWORK +XKBCOMMON +UTMP +SYSVINIT default-hierarchy=unified)
Apr 19 06:46:19 fedora systemd[1]: Detected virtualization kvm.
Apr 19 06:46:19 fedora systemd[1]: Detected architecture x86-64.
Apr 19 06:46:19 fedora systemd[1]: Running in initrd.
Apr 19 06:46:19 fedora systemd[1]: No hostname configured, using default hostname.
Apr 19 06:46:19 fedora systemd[1]: Hostname set to <fedora>.
Apr 19 06:46:19 fedora systemd[1]: Initializing machine ID from VM UUID.
Apr 19 06:46:19 fedora systemd[1]: bpf-lsm: LSM BPF program attached
Apr 19 06:46:19 fedora systemd[1]: Queued start job for default target initrd.target.
Apr 19 06:46:19 fedora systemd[1]: Reached target initrd-root-device.target - Initrd Root Device.
Apr 19 06:46:19 fedora systemd[1]: Reached target initrd-usr-fs.target - Initrd /usr File System.
Apr 19 06:46:19 fedora systemd[1]: Reached target slices.target - Slice Units.
Apr 19 06:46:19 fedora systemd[1]: Reached target swap.target - Swaps.
Apr 19 06:46:19 fedora systemd[1]: Reached target timers.target - Timer Units.
Apr 19 06:46:19 fedora systemd[1]: Listening on dbus.socket - D-Bus System Message Bus Socket.
Apr 19 06:46:19 fedora systemd[1]: Listening on iscsid.socket - Open-iSCSI iscsid Socket.
Apr 19 06:46:19 fedora systemd[1]: Listening on iscsiuio.socket - Open-iSCSI iscsiuio Socket.
Apr 19 06:46:19 fedora systemd[1]: Listening on multipathd.socket - multipathd control socket.
Apr 19 06:46:19 fedora systemd[1]: Listening on systemd-journald-dev-log.socket - Journal Socket (/dev/log).
Apr 19 06:46:19 fedora systemd[1]: Listening on systemd-journald.socket - Journal Socket.
Apr 19 06:46:19 fedora systemd[1]: Listening on systemd-udevd-control.socket - udev Control Socket.
Apr 19 06:46:19 fedora systemd[1]: Listening on systemd-udevd-kernel.socket - udev Kernel Socket.
Apr 19 06:46:19 fedora systemd[1]: Reached target sockets.target - Socket Units.
Apr 19 06:46:19 fedora systemd[1]: Starting kmod-static-nodes.service - Create List of Static Device Nodes...
Apr 19 06:46:19 fedora systemd[1]: Started rngd.service - Hardware RNG Entropy Gatherer Daemon.
Apr 19 06:46:19 fedora systemd[1]: Starting systemd-journald.service - Journal Service...
Apr 19 06:46:19 fedora systemd[1]: Starting systemd-modules-load.service - Load Kernel Modules...
Apr 19 06:46:19 fedora systemd[1]: Starting systemd-sysusers.service - Create System Users...
Apr 19 06:46:19 fedora systemd[1]: Starting systemd-vconsole-setup.service - Setup Virtual Console...
Apr 19 06:46:19 fedora kernel: alua: device handler registered
Apr 19 06:46:19 fedora kernel: emc: device handler registered
Apr 19 06:46:19 fedora systemd-journald[263]: Collecting audit messages is disabled.
Apr 19 06:46:19 fedora systemd[1]: Finished kmod-static-nodes.service - Create List of Static Device Nodes.
Apr 19 06:46:19 fedora kernel: rdac: device handler registered
Apr 19 06:46:19 fedora systemd[1]: Finished systemd-modules-load.service - Load Kernel Modules.
Apr 19 06:46:19 fedora systemd-journald[263]: Journal started
Apr 19 06:46:19 fedora systemd-journald[263]: Runtime Journal (/run/log/journal/4fc9fb1294dd43479d10ca828aab2049) is 8.0M, max 78.0M, 70.0M free.
Apr 19 06:46:19 fedora systemd-modules-load[264]: Inserted module 'dm_multipath'
Apr 19 06:46:19 fedora systemd-modules-load[264]: Inserted module 'scsi_dh_alua'
Apr 19 06:46:19 fedora rngd[261]: Initializing available sources
Apr 19 06:46:19 fedora rngd[261]: [hwrng ]: Initialized
Apr 19 06:46:19 fedora rngd[261]: [rdrand]: Enabling RDSEED rng support
Apr 19 06:46:19 fedora rngd[261]: [rdrand]: Initialized
Apr 19 06:46:19 fedora rngd[261]: [jitter]: JITTER timeout set to 5 sec
Apr 19 06:46:19 fedora systemd-modules-load[264]: Inserted module 'scsi_dh_emc'
Apr 19 06:46:19 fedora systemd-vconsole-setup[266]: Failed to import credentials, ignoring: No such file or directory
Apr 19 06:46:19 fedora systemd-modules-load[264]: Inserted module 'scsi_dh_rdac'
Apr 19 06:46:19 fedora rngd[261]: [jitter]: Initializing AES buffer
Apr 19 06:46:19 fedora systemd[1]: Started systemd-journald.service - Journal Service.
Apr 19 06:46:19 fedora systemd[1]: Starting systemd-sysctl.service - Apply Kernel Variables...
Apr 19 06:46:19 fedora systemd-sysusers[265]: Creating group 'users' with GID 100.
Apr 19 06:46:19 fedora systemd-sysusers[265]: Creating group 'dbus' with GID 81.
Apr 19 06:46:19 fedora systemd-sysusers[265]: Creating user 'dbus' (System Message Bus) with UID 81 and GID 81.
Apr 19 06:46:19 fedora systemd[1]: Finished systemd-sysusers.service - Create System Users.
Apr 19 06:46:19 fedora systemd[1]: Finished systemd-sysctl.service - Apply Kernel Variables.
Apr 19 06:46:19 fedora systemd[1]: Starting systemd-tmpfiles-setup-dev.service - Create Static Device Nodes in /dev...
Apr 19 06:46:19 fedora systemd[1]: Starting systemd-tmpfiles-setup.service - Create Volatile Files and Directories...
Apr 19 06:46:19 fedora systemd[1]: Finished systemd-tmpfiles-setup-dev.service - Create Static Device Nodes in /dev.
Apr 19 06:46:20 fedora systemd[1]: Finished systemd-vconsole-setup.service - Setup Virtual Console.
Apr 19 06:46:20 fedora systemd[1]: Finished systemd-tmpfiles-setup.service - Create Volatile Files and Directories.
Apr 19 06:46:20 fedora systemd[1]: Starting dracut-cmdline-ask.service - dracut ask for additional cmdline parameters...
Apr 19 06:46:20 fedora systemd[1]: Finished dracut-cmdline-ask.service - dracut ask for additional cmdline parameters.
Apr 19 06:46:20 fedora systemd[1]: Starting dracut-cmdline.service - dracut cmdline hook...
Apr 19 06:46:20 fedora dracut-cmdline[304]: dracut-38 (Thirty Eight) dracut-059-2.fc38
Apr 19 06:46:20 fedora dracut-cmdline[304]: Using kernel command line parameters:  rd.driver.pre=btrfs   inst.method=https://kojipkgs.fedoraproject.org/compose/38/latest-Fedora-38/compose/Everything/x86_64/os/ inst.ks=file:/ks.cfg
Apr 19 06:46:20 fedora kernel: BIOS EDD facility v0.16 2004-Jun-25, 1 devices found
Apr 19 06:46:20 fedora dracut-cmdline[304]: Loading Fedora 38 x86_64 installer...
Apr 19 06:46:20 fedora dracut-cmdline[304]: anaconda: parsing kickstart /ks.cfg
Apr 19 06:46:21 fedora dracut-cmdline[439]: parse-kickstart WARNING: No device with link found for --device=link
Apr 19 06:46:21 fedora kernel: Loading iSCSI transport class v2.0-870.
Apr 19 06:46:21 fedora kernel: iscsi: registered transport (tcp)
Apr 19 06:46:21 fedora kernel: iscsi: registered transport (qla4xxx)
Apr 19 06:46:21 fedora kernel: QLogic iSCSI HBA Driver
Apr 19 06:46:21 fedora kernel: libcxgbi:libcxgbi_init_module: Chelsio iSCSI driver library libcxgbi v0.9.1-ko (Apr. 2015)
Apr 19 06:46:21 fedora kernel: Chelsio T3 iSCSI Driver cxgb3i v2.0.1-ko (Apr. 2015)
Apr 19 06:46:21 fedora kernel: iscsi: registered transport (cxgb3i)
Apr 19 06:46:22 fedora kernel: Chelsio T4-T6 iSCSI Driver cxgb4i v0.9.5-ko (Apr. 2015)
Apr 19 06:46:22 fedora kernel: iscsi: registered transport (cxgb4i)
Apr 19 06:46:22 fedora kernel: cxgb4i:cxgb4i_init_module: cxgb4i dcb enabled.
Apr 19 06:46:22 fedora kernel: cnic: QLogic cnicDriver v2.5.22 (July 20, 2015)
Apr 19 06:46:22 fedora kernel: QLogic NetXtreme II iSCSI Driver bnx2i v2.7.10.1 (Jul 16, 2014)
Apr 19 06:46:22 fedora kernel: iscsi: registered transport (bnx2i)
Apr 19 06:46:22 fedora kernel: iscsi: registered transport (be2iscsi)
Apr 19 06:46:22 fedora kernel: In beiscsi_module_init, tt=0000000066aa85dd
Apr 19 06:46:22 fedora systemd[1]: Finished dracut-cmdline.service - dracut cmdline hook.
Apr 19 06:46:22 fedora systemd[1]: Starting dracut-pre-udev.service - dracut pre-udev hook...
Apr 19 06:46:22 fedora kernel: squashfs: version 4.0 (2009/01/31) Phillip Lougher
Apr 19 06:46:22 fedora kernel: hp_sw: device handler registered
Apr 19 06:46:22 fedora kernel: No iBFT detected.
Apr 19 06:46:22 fedora kernel: async_tx: api initialized (async)
Apr 19 06:46:22 fedora kernel: device-mapper: multipath round-robin: version 1.2.0 loaded
Apr 19 06:46:22 fedora kernel: RPC: Registered named UNIX socket transport module.
Apr 19 06:46:22 fedora kernel: RPC: Registered udp transport module.
Apr 19 06:46:22 fedora kernel: RPC: Registered tcp transport module.
Apr 19 06:46:22 fedora kernel: RPC: Registered tcp NFSv4.1 backchannel transport module.
Apr 19 06:46:23 fedora rpc.statd[930]: Version 2.6.2 starting
Apr 19 06:46:23 fedora rpc.statd[930]: Initializing NSM state
Apr 19 06:46:23 fedora rpc.statd[930]: Running as root.  chown /var/lib/nfs/statd to choose different user
Apr 19 06:46:23 fedora rpc.idmapd[935]: Setting log level to 0
Apr 19 06:46:23 fedora systemd[1]: Finished dracut-pre-udev.service - dracut pre-udev hook.
Apr 19 06:46:23 fedora systemd[1]: Starting systemd-udevd.service - Rule-based Manager for Device Events and Files...
Apr 19 06:46:23 fedora systemd-udevd[951]: Using default interface naming scheme 'v253'.
Apr 19 06:46:23 fedora systemd[1]: Started systemd-udevd.service - Rule-based Manager for Device Events and Files.
Apr 19 06:46:23 fedora systemd[1]: Starting dracut-pre-trigger.service - dracut pre-trigger hook...
Apr 19 06:46:23 fedora lldpad[973]: config file failed to load,
Apr 19 06:46:23 fedora lldpad[973]: create a new file.
Apr 19 06:46:23 fedora lldpad[973]: bound ctrl iface to /com/intel/lldpad
Apr 19 06:46:23 fedora dracut-pre-trigger[976]: 975
Apr 19 06:46:23 fedora dracut-pre-trigger[958]: rd.md=0: removing MD RAID activation
Apr 19 06:46:23 fedora systemd[1]: Finished dracut-pre-trigger.service - dracut pre-trigger hook.
Apr 19 06:46:23 fedora systemd[1]: Starting systemd-udev-trigger.service - Coldplug All udev Devices...
Apr 19 06:46:23 fedora systemd[1]: Created slice system-modprobe.slice - Slice /system/modprobe.
Apr 19 06:46:23 fedora systemd[1]: Starting modprobe@configfs.service - Load Kernel Module configfs...
Apr 19 06:46:23 fedora systemd[1]: Finished systemd-udev-trigger.service - Coldplug All udev Devices.
Apr 19 06:46:23 fedora systemd[1]: modprobe@configfs.service: Deactivated successfully.
Apr 19 06:46:23 fedora systemd[1]: Finished modprobe@configfs.service - Load Kernel Module configfs.
Apr 19 06:46:23 fedora systemd[1]: Mounting sys-kernel-config.mount - Kernel Configuration File System...
Apr 19 06:46:23 fedora systemd[1]: Starting nm-initrd.service...
Apr 19 06:46:23 fedora systemd[1]: Starting plymouth-start.service - Show Plymouth Boot Screen...
Apr 19 06:46:23 fedora systemd[1]: Starting systemd-udev-settle.service - Wait for udev To Complete Device Initialization...
Apr 19 06:46:23 fedora systemd[1]: Mounted sys-kernel-config.mount - Kernel Configuration File System.
Apr 19 06:46:23 fedora systemd[1]: Received SIGRTMIN+20 from PID 1052 (plymouthd).
Apr 19 06:46:23 fedora udevadm[1053]: systemd-udev-settle.service is deprecated. Please fix multipathd-configure.service not to pull it in.
Apr 19 06:46:23 fedora NetworkManager[1050]: <info>  [1681886783.4079] NetworkManager (version 1.42.0-1.fc38) is starting... (boot:f9ab871a-92de-4f12-9951-606512fcc2b7)
Apr 19 06:46:23 fedora NetworkManager[1050]: <info>  [1681886783.4080] Read config: /etc/NetworkManager/NetworkManager.conf (lib: initrd-no-auto-default.conf) (run: 15-carrier-timeout.conf)
Apr 19 06:46:23 fedora systemd[1]: Starting dbus-broker.service - D-Bus System Message Bus...
Apr 19 06:46:23 fedora dbus-broker-launch[1059]: Ready
Apr 19 06:46:23 fedora NetworkManager[1050]: <info>  [1681886783.4395] bus-manager: acquired D-Bus service "org.freedesktop.NetworkManager"
Apr 19 06:46:23 fedora NetworkManager[1050]: <info>  [1681886783.4414] manager[0x5586f59439c0]: monitoring kernel firmware directory '/lib/firmware'.
Apr 19 06:46:23 fedora NetworkManager[1050]: <info>  [1681886783.4478] hostname: hostname: couldn't get property from hostnamed
Apr 19 06:46:23 fedora NetworkManager[1050]: <info>  [1681886783.4485] dns-mgr: init: dns=default,systemd-resolved rc-manager=symlink (auto)
Apr 19 06:46:23 fedora NetworkManager[1050]: <info>  [1681886783.4628] manager[0x5586f59439c0]: rfkill: Wi-Fi hardware radio set enabled
Apr 19 06:46:23 fedora NetworkManager[1050]: <info>  [1681886783.4629] manager[0x5586f59439c0]: rfkill: WWAN hardware radio set enabled
Apr 19 06:46:23 fedora NetworkManager[1050]: <info>  [1681886783.4662] Loaded device plugin: NMTeamFactory (/usr/lib64/NetworkManager/1.42.0-1.fc38/libnm-device-plugin-team.so)
Apr 19 06:46:23 fedora NetworkManager[1050]: <info>  [1681886783.4663] manager: rfkill: Wi-Fi enabled by radio killswitch; enabled by state file
Apr 19 06:46:23 fedora NetworkManager[1050]: <info>  [1681886783.4664] manager: rfkill: WWAN enabled by radio killswitch; enabled by state file
Apr 19 06:46:23 fedora NetworkManager[1050]: <info>  [1681886783.4688] manager: Networking is enabled by state file
Apr 19 06:46:23 fedora NetworkManager[1050]: <info>  [1681886783.4691] settings: Loaded settings plugin: keyfile (internal)
Apr 19 06:46:23 fedora NetworkManager[1050]: <info>  [1681886783.4709] dhcp: init: Using DHCP client 'internal'
Apr 19 06:46:23 fedora NetworkManager[1050]: <info>  [1681886783.4712] manager: (lo): new Loopback device (/org/freedesktop/NetworkManager/Devices/1)
Apr 19 06:46:23 fedora NetworkManager[1050]: <info>  [1681886783.4750] device (lo): state change: unmanaged -> unavailable (reason 'connection-assumed', sys-iface-state: 'external')
Apr 19 06:46:23 fedora NetworkManager[1050]: <info>  [1681886783.4756] device (lo): state change: unavailable -> disconnected (reason 'connection-assumed', sys-iface-state: 'external')
Apr 19 06:46:23 fedora NetworkManager[1050]: <info>  [1681886783.4765] device (lo): Activation: starting connection 'lo' (8d37453e-af20-49f0-8010-030caf360586)
Apr 19 06:46:23 fedora NetworkManager[1050]: <info>  [1681886783.4772] device (lo): state change: disconnected -> prepare (reason 'none', sys-iface-state: 'external')
Apr 19 06:46:23 fedora NetworkManager[1050]: <info>  [1681886783.4801] device (lo): state change: prepare -> config (reason 'none', sys-iface-state: 'external')
Apr 19 06:46:23 fedora NetworkManager[1050]: <info>  [1681886783.4805] device (lo): state change: config -> ip-config (reason 'none', sys-iface-state: 'external')
Apr 19 06:46:23 fedora NetworkManager[1050]: <info>  [1681886783.4809] device (lo): state change: ip-config -> ip-check (reason 'none', sys-iface-state: 'external')
Apr 19 06:46:23 fedora NetworkManager[1050]: <info>  [1681886783.4817] device (lo): state change: ip-check -> secondaries (reason 'none', sys-iface-state: 'external')
Apr 19 06:46:23 fedora NetworkManager[1050]: <info>  [1681886783.4819] device (lo): state change: secondaries -> activated (reason 'none', sys-iface-state: 'external')
Apr 19 06:46:23 fedora NetworkManager[1050]: <info>  [1681886783.4826] device (lo): Activation: successful, device activated.
Apr 19 06:46:23 fedora systemd[1]: Started dbus-broker.service - D-Bus System Message Bus.
Apr 19 06:46:23 fedora systemd[1]: Started plymouth-start.service - Show Plymouth Boot Screen.
Apr 19 06:46:23 fedora systemd[1]: Started nm-initrd.service.
Apr 19 06:46:23 fedora systemd[1]: systemd-ask-password-console.path - Dispatch Password Requests to Console Directory Watch was skipped because of an unmet condition check (ConditionPathExists=!/run/plymouth/pid).
Apr 19 06:46:23 fedora systemd[1]: Started systemd-ask-password-plymouth.path - Forward Password Requests to Plymouth Directory Watch.
Apr 19 06:46:23 fedora systemd[1]: Reached target cryptsetup.target - Local Encrypted Volumes.
Apr 19 06:46:23 fedora systemd[1]: Reached target network.target - Network.
Apr 19 06:46:23 fedora systemd[1]: Reached target paths.target - Path Units.
Apr 19 06:46:23 fedora systemd[1]: Starting nm-wait-online-initrd.service...
Apr 19 06:46:23 fedora kernel: cirrus 0000:00:02.0: vgaarb: deactivate vga console
Apr 19 06:46:23 fedora kernel: Console: switching to colour dummy device 80x25
Apr 19 06:46:23 fedora kernel: virtio_blk virtio2: 4/0/0 default/read/poll queues
Apr 19 06:46:23 fedora kernel: [drm] Initialized cirrus 2.0.0 2019 for 0000:00:02.0 on minor 0
Apr 19 06:46:23 fedora kernel: fbcon: cirrusdrmfb (fb0) is primary device
Apr 19 06:46:23 fedora kernel: FDC 0 is a S82078B
Apr 19 06:46:23 fedora kernel: cirrus 0000:00:02.0: [drm] drm_plane_enable_fb_damage_clips() not called
Apr 19 06:46:23 fedora kernel: Console: switching to colour frame buffer device 128x48
Apr 19 06:46:23 fedora kernel: cirrus 0000:00:02.0: [drm] fb0: cirrusdrmfb frame buffer device
Apr 19 06:46:23 fedora kernel: virtio_blk virtio2: [vda] 10485760 512-byte logical blocks (5.37 GB/5.00 GiB)
Apr 19 06:46:23 fedora NetworkManager[1050]: <info>  [1681886783.7653] manager: (eth0): new Ethernet device (/org/freedesktop/NetworkManager/Devices/2)
Apr 19 06:46:23 fedora kernel: virtio_net virtio0 ens3: renamed from eth0
Apr 19 06:46:23 fedora NetworkManager[1050]: <info>  [1681886783.7892] device (eth0): interface index 2 renamed iface from 'eth0' to 'ens3'
Apr 19 06:46:23 fedora kernel: 8021q: 802.1Q VLAN Support v1.8
Apr 19 06:46:23 fedora NetworkManager[1050]: <info>  [1681886783.8446] device (ens3): state change: unmanaged -> unavailable (reason 'managed', sys-iface-state: 'external')
Apr 19 06:46:23 fedora kernel: 8021q: adding VLAN 0 to HW filter on device ens3
Apr 19 06:46:23 fedora NetworkManager[1050]: <info>  [1681886783.8485] device (ens3): carrier: link connected
Apr 19 06:46:23 fedora NetworkManager[1050]: <info>  [1681886783.8486] device (ens3): state change: unavailable -> disconnected (reason 'carrier-changed', sys-iface-state: 'managed')
Apr 19 06:46:23 fedora NetworkManager[1050]: <info>  [1681886783.8490] policy: auto-activating connection 'Wired Connection' (d0249ce5-4099-4369-9205-20480e10daa8)
Apr 19 06:46:23 fedora NetworkManager[1050]: <info>  [1681886783.8494] device (ens3): Activation: starting connection 'Wired Connection' (d0249ce5-4099-4369-9205-20480e10daa8)
Apr 19 06:46:23 fedora NetworkManager[1050]: <info>  [1681886783.8495] device (ens3): state change: disconnected -> prepare (reason 'none', sys-iface-state: 'managed')
Apr 19 06:46:23 fedora NetworkManager[1050]: <info>  [1681886783.8497] manager: NetworkManager state is now CONNECTING
Apr 19 06:46:23 fedora NetworkManager[1050]: <info>  [1681886783.8499] device (ens3): state change: prepare -> config (reason 'none', sys-iface-state: 'managed')
Apr 19 06:46:23 fedora NetworkManager[1050]: <info>  [1681886783.8505] device (ens3): state change: config -> ip-config (reason 'none', sys-iface-state: 'managed')
Apr 19 06:46:23 fedora NetworkManager[1050]: <info>  [1681886783.8536] dhcp4 (ens3): activation: beginning transaction (timeout in 90 seconds)
Apr 19 06:46:23 fedora systemd[1]: Finished systemd-udev-settle.service - Wait for udev To Complete Device Initialization.
Apr 19 06:46:23 fedora systemd[1]: multipathd-configure.service - Device-Mapper Multipath Default Configuration was skipped because of an unmet condition check (ConditionPathExists=!/etc/multipath.conf).
Apr 19 06:46:23 fedora systemd[1]: Starting multipathd.service - Device-Mapper Multipath Device Controller...
Apr 19 06:46:23 fedora multipathd[1113]: multipathd v0.9.4: start up
Apr 19 06:46:23 fedora multipathd[1113]: reconfigure: setting up paths and maps
Apr 19 06:46:23 fedora systemd[1]: Started multipathd.service - Device-Mapper Multipath Device Controller.
Apr 19 06:46:23 fedora systemd[1]: Reached target local-fs-pre.target - Preparation for Local File Systems.
Apr 19 06:46:23 fedora systemd[1]: Reached target local-fs.target - Local File Systems.
Apr 19 06:46:23 fedora systemd[1]: Reached target sysinit.target - System Initialization.
Apr 19 06:46:23 fedora systemd[1]: Reached target basic.target - Basic System.
Apr 19 06:46:24 fedora rngd[261]: [jitter]: Unable to obtain AES key, disabling JITTER source
Apr 19 06:46:24 fedora rngd[261]: [jitter]: Initialization Failed
Apr 19 06:46:24 fedora rngd[261]: [pkcs11]: No PKCS11 endpoint /usr/lib64/opensc-pkcs11.so found
Apr 19 06:46:24 fedora rngd[261]: [pkcs11]: Install opensc/opensc-pkcs11/etc if you would like to gather smartcard entropy
Apr 19 06:46:24 fedora rngd[261]: [pkcs11]: Initialization Failed
Apr 19 06:46:24 fedora rngd[261]: [rtlsdr]: Initialization Failed
Apr 19 06:46:24 fedora kernel: IPv6: ADDRCONF(NETDEV_CHANGE): ens3: link becomes ready
Apr 19 06:46:26 fedora NetworkManager[1050]: <info>  [1681886786.8638] dhcp4 (ens3): state changed new lease, address=192.168.122.214
Apr 19 06:46:26 fedora NetworkManager[1050]: <info>  [1681886786.8652] policy: set 'Wired Connection' (ens3) as default for IPv4 routing and DNS
Apr 19 06:46:26 fedora NetworkManager[1050]: <info>  [1681886786.8715] device (ens3): state change: ip-config -> ip-check (reason 'none', sys-iface-state: 'managed')
Apr 19 06:46:26 fedora NetworkManager[1050]: <info>  [1681886786.8726] device (ens3): state change: ip-check -> secondaries (reason 'none', sys-iface-state: 'managed')
Apr 19 06:46:26 fedora NetworkManager[1050]: <info>  [1681886786.8729] device (ens3): state change: secondaries -> activated (reason 'none', sys-iface-state: 'managed')
Apr 19 06:46:26 fedora NetworkManager[1050]: <info>  [1681886786.8732] manager: NetworkManager state is now CONNECTED_SITE
Apr 19 06:46:26 fedora NetworkManager[1050]: <info>  [1681886786.8734] device (ens3): Activation: successful, device activated.
Apr 19 06:46:26 fedora NetworkManager[1050]: <info>  [1681886786.8738] manager: NetworkManager state is now CONNECTED_GLOBAL
Apr 19 06:46:26 fedora NetworkManager[1050]: <info>  [1681886786.8742] manager: startup complete
Apr 19 06:46:26 fedora systemd[1]: Finished nm-wait-online-initrd.service.
Apr 19 06:46:26 fedora systemd[1]: Starting dracut-initqueue.service - dracut initqueue hook...
Apr 19 06:46:26 fedora systemd[1]: Reloading requested from client PID 1137 (unit dracut-initqueue.service)...
Apr 19 06:46:26 fedora systemd[1]: Reloading...
Apr 19 06:46:27 fedora systemd[1]: Reloading finished in 205 ms.
Apr 19 06:46:27 fedora dracut-initqueue[1123]: anaconda: stage2 locations are: https://kojipkgs.fedoraproject.org/compose/38/latest-Fedora-38/compose/Everything/x86_64/os/
Apr 19 06:46:27 fedora dracut-initqueue[1123]: anaconda: fetching stage2 from https://kojipkgs.fedoraproject.org/compose/38/latest-Fedora-38/compose/Everything/x86_64/os/
Apr 19 06:46:27 fedora dracut-initqueue[1123]: Warning: can't find installer main image path in .treeinfo
Apr 19 06:46:27 fedora dracut-initqueue[1248]:   % Total    % Received % Xferd  Average Speed   Time    Time     Time  Current
Apr 19 06:46:27 fedora dracut-initqueue[1248]:                                  Dload  Upload   Total   Spent    Left  Speed
Apr 19 06:46:37 fedora dracut-initqueue[1248]: [948B blob data]
Apr 19 06:46:37 fedora dracut-initqueue[1123]: anaconda: successfully fetched stage2 from https://kojipkgs.fedoraproject.org/compose/38/latest-Fedora-38/compose/Everything/x86_64/os/
Apr 19 06:46:38 fedora dracut-initqueue[1332]: Unknown device "/dev//tmp/curl_fetch_url1/install.img": No such device
Apr 19 06:46:38 fedora dracut-initqueue[1333]: Unknown device "/sys/": No such device
Apr 19 06:46:38 fedora kernel: loop: module loaded
Apr 19 06:46:38 fedora kernel: loop0: detected capacity change from 0 to 1108032
Apr 19 06:46:38 fedora systemd[1]: Reloading requested from client PID 1358 (unit dracut-initqueue.service)...
Apr 19 06:46:38 fedora systemd[1]: Reloading...
Apr 19 06:46:38 fedora systemd[1]: Reloading finished in 190 ms.
Apr 19 06:46:38 fedora systemd[1]: run-initramfs-squashfs.mount: Deactivated successfully.
Apr 19 06:46:38 fedora systemd[1]: Finished dracut-initqueue.service - dracut initqueue hook.
Apr 19 06:46:38 fedora systemd[1]: Reached target remote-fs-pre.target - Preparation for Remote File Systems.
Apr 19 06:46:38 fedora systemd[1]: Reached target remote-cryptsetup.target - Remote Encrypted Volumes.
Apr 19 06:46:38 fedora systemd[1]: Reached target remote-fs.target - Remote File Systems.
Apr 19 06:46:38 fedora systemd[1]: Starting dracut-pre-mount.service - dracut pre-mount hook...
Apr 19 06:46:38 fedora systemd[1]: Finished dracut-pre-mount.service - dracut pre-mount hook.
Apr 19 06:46:38 fedora systemd[1]: Reached target initrd-root-fs.target - Initrd Root File System.
Apr 19 06:46:38 fedora systemd[1]: Starting initrd-parse-etc.service - Mountpoints Configured in the Real Root...
Apr 19 06:46:38 fedora multipathd[1113]: multipathd: shut down
Apr 19 06:46:38 fedora systemd[1]: Stopping multipathd.service - Device-Mapper Multipath Device Controller...
Apr 19 06:46:38 fedora systemd[1]: initrd-parse-etc.service: Deactivated successfully.
Apr 19 06:46:38 fedora systemd[1]: Finished initrd-parse-etc.service - Mountpoints Configured in the Real Root.
Apr 19 06:46:38 fedora systemd[1]: Reached target initrd-fs.target - Initrd File Systems.
Apr 19 06:46:38 fedora systemd[1]: Reached target initrd.target - Initrd Default Target.
Apr 19 06:46:38 fedora systemd[1]: Starting dracut-mount.service - dracut mount hook...
Apr 19 06:46:38 fedora systemd[1]: multipathd.service: Deactivated successfully.
Apr 19 06:46:38 fedora systemd[1]: Stopped multipathd.service - Device-Mapper Multipath Device Controller.
Apr 19 06:46:38 fedora dracut-mount[1472]: mount: /sysroot: special device LiveOS_rootfs does not exist.
Apr 19 06:46:38 fedora dracut-mount[1472]:        dmesg(1) may have more information after failed mount system call.
Apr 19 06:46:38 fedora kernel: overlayfs: failed to resolve '/run/overlayfs': -2
Apr 19 06:46:38 fedora systemd[1]: Finished dracut-mount.service - dracut mount hook.
Apr 19 06:46:38 fedora systemd[1]: Starting dracut-pre-pivot.service - dracut pre-pivot and cleanup hook...
Apr 19 06:46:40 fedora rpc.idmapd[935]: exiting on signal 15
Apr 19 06:46:40 fedora systemd[1]: var-lib-nfs-rpc_pipefs.mount: Deactivated successfully.
Apr 19 06:46:40 fedora systemd[1]: Finished dracut-pre-pivot.service - dracut pre-pivot and cleanup hook.
Apr 19 06:46:40 fedora systemd[1]: Starting initrd-cleanup.service - Cleaning Up and Shutting Down Daemons...
Apr 19 06:46:40 fedora systemd[1]: Stopped target network.target - Network.
Apr 19 06:46:40 fedora systemd[1]: Stopped target remote-cryptsetup.target - Remote Encrypted Volumes.
Apr 19 06:46:40 fedora systemd[1]: Stopped target timers.target - Timer Units.
Apr 19 06:46:40 fedora systemd[1]: dracut-pre-pivot.service: Deactivated successfully.
Apr 19 06:46:40 fedora systemd[1]: Stopped dracut-pre-pivot.service - dracut pre-pivot and cleanup hook.
Apr 19 06:46:40 fedora systemd[1]: dracut-pre-pivot.service: Consumed 4.221s CPU time.
Apr 19 06:46:40 fedora systemd[1]: Stopped target initrd.target - Initrd Default Target.
Apr 19 06:46:40 fedora systemd[1]: Stopped target basic.target - Basic System.
Apr 19 06:46:40 fedora systemd[1]: Stopped target initrd-root-device.target - Initrd Root Device.
Apr 19 06:46:40 fedora systemd[1]: Stopped target initrd-usr-fs.target - Initrd /usr File System.
Apr 19 06:46:40 fedora systemd[1]: Stopped target paths.target - Path Units.
Apr 19 06:46:40 fedora systemd[1]: Stopped target remote-fs.target - Remote File Systems.
Apr 19 06:46:40 fedora systemd[1]: Stopped target remote-fs-pre.target - Preparation for Remote File Systems.
Apr 19 06:46:40 fedora systemd[1]: Stopped target slices.target - Slice Units.
Apr 19 06:46:40 fedora systemd[1]: Stopped target sockets.target - Socket Units.
Apr 19 06:46:40 fedora systemd[1]: Stopped target sysinit.target - System Initialization.
Apr 19 06:46:40 fedora systemd[1]: Stopped target local-fs.target - Local File Systems.
Apr 19 06:46:40 fedora systemd[1]: Stopped target local-fs-pre.target - Preparation for Local File Systems.
Apr 19 06:46:40 fedora systemd[1]: Stopped target swap.target - Swaps.
Apr 19 06:46:40 fedora systemd[1]: iscsid.socket: Deactivated successfully.
Apr 19 06:46:40 fedora systemd[1]: Closed iscsid.socket - Open-iSCSI iscsid Socket.
Apr 19 06:46:40 fedora systemd[1]: iscsiuio.socket: Deactivated successfully.
Apr 19 06:46:40 fedora systemd[1]: Closed iscsiuio.socket - Open-iSCSI iscsiuio Socket.
Apr 19 06:46:40 fedora systemd[1]: multipathd.socket: Deactivated successfully.
Apr 19 06:46:40 fedora systemd[1]: Closed multipathd.socket - multipathd control socket.
Apr 19 06:46:40 fedora dbus-broker[1060]: Dispatched 1517 messages @ 1(3)s / message.
Apr 19 06:46:40 fedora systemd[1]: Stopping dbus-broker.service - D-Bus System Message Bus...
Apr 19 06:46:40 fedora systemd[1]: dracut-mount.service: Deactivated successfully.
Apr 19 06:46:40 fedora systemd[1]: Stopped dracut-mount.service - dracut mount hook.
Apr 19 06:46:40 fedora systemd[1]: dracut-pre-mount.service: Deactivated successfully.
Apr 19 06:46:40 fedora systemd[1]: Stopped dracut-pre-mount.service - dracut pre-mount hook.
Apr 19 06:46:40 fedora systemd[1]: Stopped target cryptsetup.target - Local Encrypted Volumes.
Apr 19 06:46:40 fedora systemd[1]: dracut-initqueue.service: Deactivated successfully.
Apr 19 06:46:40 fedora systemd[1]: Stopped dracut-initqueue.service - dracut initqueue hook.
Apr 19 06:46:40 fedora systemd[1]: dracut-initqueue.service: Consumed 8.810s CPU time.
Apr 19 06:46:40 fedora systemd[1]: nm-wait-online-initrd.service: Deactivated successfully.
Apr 19 06:46:40 fedora systemd[1]: Stopped nm-wait-online-initrd.service.
Apr 19 06:46:40 fedora systemd[1]: Stopping nm-initrd.service...
Apr 19 06:46:40 fedora NetworkManager[1050]: <info>  [1681886800.3174] caught SIGTERM, shutting down normally.
Apr 19 06:46:40 fedora NetworkManager[1050]: <info>  [1681886800.3269] dhcp4 (ens3): canceled DHCP transaction
Apr 19 06:46:40 fedora NetworkManager[1050]: <info>  [1681886800.3270] dhcp4 (ens3): activation: beginning transaction (timeout in 90 seconds)
Apr 19 06:46:40 fedora NetworkManager[1050]: <info>  [1681886800.3271] dhcp4 (ens3): state changed no lease
Apr 19 06:46:40 fedora NetworkManager[1050]: <info>  [1681886800.3273] manager: NetworkManager state is now CONNECTED_SITE
Apr 19 06:46:40 fedora systemd[1]: Starting plymouth-switch-root.service - Plymouth switch root service...
Apr 19 06:46:40 fedora systemd[1]: systemd-sysctl.service: Deactivated successfully.
Apr 19 06:46:40 fedora NetworkManager[1050]: <info>  [1681886800.3278] exiting (success)
Apr 19 06:46:40 fedora systemd[1]: Stopped systemd-sysctl.service - Apply Kernel Variables.
Apr 19 06:46:40 fedora systemd[1]: systemd-modules-load.service: Deactivated successfully.
Apr 19 06:46:40 fedora systemd[1]: Stopped systemd-modules-load.service - Load Kernel Modules.
Apr 19 06:46:40 fedora systemd[1]: systemd-udev-settle.service: Deactivated successfully.
Apr 19 06:46:40 fedora systemd[1]: Stopped systemd-udev-settle.service - Wait for udev To Complete Device Initialization.
Apr 19 06:46:40 fedora systemd[1]: run-credentials-systemd\x2dsysctl.service.mount: Deactivated successfully.
Apr 19 06:46:40 fedora systemd[1]: nm-initrd.service: Deactivated successfully.
Apr 19 06:46:40 fedora systemd[1]: Stopped nm-initrd.service.
Apr 19 06:46:40 fedora systemd[1]: dbus-broker.service: Deactivated successfully.
Apr 19 06:46:40 fedora systemd[1]: Stopped dbus-broker.service - D-Bus System Message Bus.
Apr 19 06:46:40 fedora systemd[1]: Finished plymouth-switch-root.service - Plymouth switch root service.
Apr 19 06:46:40 fedora systemd[1]: dbus.socket: Deactivated successfully.
Apr 19 06:46:40 fedora systemd[1]: Closed dbus.socket - D-Bus System Message Bus Socket.
Apr 19 06:46:40 fedora systemd[1]: systemd-tmpfiles-setup.service: Deactivated successfully.
Apr 19 06:46:40 fedora systemd[1]: Stopped systemd-tmpfiles-setup.service - Create Volatile Files and Directories.
Apr 19 06:46:40 fedora systemd[1]: systemd-udev-trigger.service: Deactivated successfully.
Apr 19 06:46:40 fedora systemd[1]: Stopped systemd-udev-trigger.service - Coldplug All udev Devices.
Apr 19 06:46:40 fedora systemd[1]: dracut-pre-trigger.service: Deactivated successfully.
Apr 19 06:46:40 fedora systemd[1]: Stopped dracut-pre-trigger.service - dracut pre-trigger hook.
Apr 19 06:46:40 fedora systemd[1]: Stopping systemd-udevd.service - Rule-based Manager for Device Events and Files...
Apr 19 06:46:40 fedora systemd[1]: run-credentials-systemd\x2dtmpfiles\x2dsetup.service.mount: Deactivated successfully.
Apr 19 06:46:40 fedora systemd[1]: systemd-udevd.service: Deactivated successfully.
Apr 19 06:46:40 fedora systemd[1]: Stopped systemd-udevd.service - Rule-based Manager for Device Events and Files.
Apr 19 06:46:40 fedora systemd[1]: initrd-cleanup.service: Deactivated successfully.
Apr 19 06:46:40 fedora systemd[1]: Finished initrd-cleanup.service - Cleaning Up and Shutting Down Daemons.
Apr 19 06:46:40 fedora systemd[1]: systemd-udevd-control.socket: Deactivated successfully.
Apr 19 06:46:40 fedora systemd[1]: Closed systemd-udevd-control.socket - udev Control Socket.
Apr 19 06:46:40 fedora systemd[1]: systemd-udevd-kernel.socket: Deactivated successfully.
Apr 19 06:46:40 fedora systemd[1]: Closed systemd-udevd-kernel.socket - udev Kernel Socket.
Apr 19 06:46:40 fedora systemd[1]: dracut-pre-udev.service: Deactivated successfully.
Apr 19 06:46:40 fedora systemd[1]: Stopped dracut-pre-udev.service - dracut pre-udev hook.
Apr 19 06:46:40 fedora systemd[1]: dracut-cmdline.service: Deactivated successfully.
Apr 19 06:46:40 fedora systemd[1]: Stopped dracut-cmdline.service - dracut cmdline hook.
Apr 19 06:46:40 fedora systemd[1]: dracut-cmdline.service: Consumed 1.589s CPU time.
Apr 19 06:46:40 fedora systemd[1]: dracut-cmdline-ask.service: Deactivated successfully.
Apr 19 06:46:40 fedora systemd[1]: Stopped dracut-cmdline-ask.service - dracut ask for additional cmdline parameters.
Apr 19 06:46:40 fedora systemd[1]: Starting initrd-udevadm-cleanup-db.service - Cleanup udev Database...
Apr 19 06:46:40 fedora rngd[261]: [hwrng ]: Shutting down
Apr 19 06:46:40 fedora rngd[261]: [rdrand]: Shutting down
Apr 19 06:46:40 fedora systemd[1]: Stopping rngd.service - Hardware RNG Entropy Gatherer Daemon...
Apr 19 06:46:40 fedora systemd[1]: systemd-tmpfiles-setup-dev.service: Deactivated successfully.
Apr 19 06:46:40 fedora systemd[1]: Stopped systemd-tmpfiles-setup-dev.service - Create Static Device Nodes in /dev.
Apr 19 06:46:40 fedora systemd[1]: kmod-static-nodes.service: Deactivated successfully.
Apr 19 06:46:40 fedora systemd[1]: Stopped kmod-static-nodes.service - Create List of Static Device Nodes.
Apr 19 06:46:40 fedora systemd[1]: systemd-sysusers.service: Deactivated successfully.
Apr 19 06:46:40 fedora systemd[1]: Stopped systemd-sysusers.service - Create System Users.
Apr 19 06:46:40 fedora systemd[1]: run-credentials-systemd\x2dtmpfiles\x2dsetup\x2ddev.service.mount: Deactivated successfully.
Apr 19 06:46:40 fedora systemd[1]: run-credentials-systemd\x2dsysusers.service.mount: Deactivated successfully.
Apr 19 06:46:40 fedora systemd[1]: rngd.service: Deactivated successfully.
Apr 19 06:46:40 fedora systemd[1]: Stopped rngd.service - Hardware RNG Entropy Gatherer Daemon.
Apr 19 06:46:40 fedora systemd[1]: rngd.service: Consumed 12.979s CPU time.
Apr 19 06:46:40 fedora systemd[1]: initrd-udevadm-cleanup-db.service: Deactivated successfully.
Apr 19 06:46:40 fedora systemd[1]: Finished initrd-udevadm-cleanup-db.service - Cleanup udev Database.
Apr 19 06:46:40 fedora systemd[1]: Reached target initrd-switch-root.target - Switch Root.
Apr 19 06:46:40 fedora systemd[1]: Starting initrd-switch-root.service - Switch Root...
Apr 19 06:46:40 fedora systemd[1]: Switching root.
Apr 19 06:46:40 fedora systemd-journald[263]: Journal stopped
Apr 19 06:46:43 fedora systemd-journald[263]: Received SIGTERM from PID 1 (systemd).
Apr 19 06:46:43 fedora kernel: SELinux:  policy capability network_peer_controls=1
Apr 19 06:46:43 fedora kernel: SELinux:  policy capability open_perms=1
Apr 19 06:46:43 fedora kernel: SELinux:  policy capability extended_socket_class=1
Apr 19 06:46:43 fedora kernel: SELinux:  policy capability always_check_network=0
Apr 19 06:46:43 fedora kernel: SELinux:  policy capability cgroup_seclabel=1
Apr 19 06:46:43 fedora kernel: SELinux:  policy capability nnp_nosuid_transition=1
Apr 19 06:46:43 fedora kernel: SELinux:  policy capability genfs_seclabel_symlinks=1
Apr 19 06:46:43 fedora kernel: SELinux:  policy capability ioctl_skip_cloexec=0
Apr 19 06:46:43 fedora kernel: audit: type=1403 audit(1681886801.489:2): auid=4294967295 ses=4294967295 lsm=selinux res=1
Apr 19 06:46:43 fedora systemd[1]: Successfully loaded SELinux policy in 165.867ms.
Apr 19 06:46:43 fedora kernel: audit: type=1400 audit(1681886801.543:3): avc:  denied  { write } for  pid=1 comm="systemd" name="core_pattern" dev="proc" ino=1210 scontext=system_u:system_r:kernel_t:s0 tcontext=system_u:object_r:usermodehelper_t:s0 tclass=file permissive=1
Apr 19 06:46:43 fedora kernel: audit: type=1400 audit(1681886801.544:4): avc:  denied  { read } for  pid=1 comm="systemd" name="net" dev="proc" ino=4026531845 scontext=system_u:system_r:kernel_t:s0 tcontext=system_u:object_r:proc_net_t:s0 tclass=lnk_file permissive=1
Apr 19 06:46:43 fedora kernel: audit: type=1400 audit(1681886801.593:5): avc:  denied  { relabelfrom } for  pid=1 comm="systemd" name="/" dev="sysfs" ino=1 scontext=system_u:system_r:kernel_t:s0 tcontext=system_u:object_r:sysfs_t:s0 tclass=dir permissive=1
Apr 19 06:46:43 fedora kernel: audit: type=1400 audit(1681886801.594:6): avc:  denied  { relabelto } for  pid=1 comm="systemd" name="/" dev="sysfs" ino=1 scontext=system_u:system_r:kernel_t:s0 tcontext=system_u:object_r:sysfs_t:s0 tclass=dir permissive=1
Apr 19 06:46:43 fedora kernel: audit: type=1400 audit(1681886801.594:7): avc:  denied  { relabelfrom } for  pid=1 comm="systemd" name="/" dev="devtmpfs" ino=1 scontext=system_u:system_r:kernel_t:s0 tcontext=system_u:object_r:device_t:s0 tclass=dir permissive=1
Apr 19 06:46:43 fedora kernel: audit: type=1400 audit(1681886801.594:8): avc:  denied  { relabelto } for  pid=1 comm="systemd" name="/" dev="devtmpfs" ino=1 scontext=system_u:system_r:kernel_t:s0 tcontext=system_u:object_r:device_t:s0 tclass=dir permissive=1
Apr 19 06:46:43 fedora kernel: audit: type=1400 audit(1681886801.594:9): avc:  denied  { relabelfrom } for  pid=1 comm="systemd" name="/" dev="tmpfs" ino=1 scontext=system_u:system_r:kernel_t:s0 tcontext=system_u:object_r:tmpfs_t:s0 tclass=dir permissive=1
Apr 19 06:46:43 fedora kernel: audit: type=1400 audit(1681886801.594:10): avc:  denied  { relabelto } for  pid=1 comm="systemd" name="/" dev="tmpfs" ino=1 scontext=system_u:system_r:kernel_t:s0 tcontext=system_u:object_r:tmpfs_t:s0 tclass=dir permissive=1
Apr 19 06:46:43 fedora kernel: audit: type=1400 audit(1681886801.594:11): avc:  denied  { relabelfrom } for  pid=1 comm="systemd" name="/" dev="devpts" ino=1 scontext=system_u:system_r:kernel_t:s0 tcontext=system_u:object_r:devpts_t:s0 tclass=dir permissive=1
Apr 19 06:46:43 fedora systemd[1]: Relabelled /dev, /dev/shm, /run, /sys/fs/cgroup in 73.414ms.
Apr 19 06:46:43 fedora systemd[1]: systemd 253.2-1.fc38 running in system mode (+PAM +AUDIT +SELINUX -APPARMOR +IMA +SMACK +SECCOMP -GCRYPT +GNUTLS +OPENSSL +ACL +BLKID +CURL +ELFUTILS +FIDO2 +IDN2 -IDN -IPTC +KMOD +LIBCRYPTSETUP +LIBFDISK +PCRE2 +PWQUALITY +P11KIT +QRENCODE +TPM2 +BZIP2 +LZ4 +XZ +ZLIB +ZSTD +BPF_FRAMEWORK +XKBCOMMON +UTMP +SYSVINIT default-hierarchy=unified)
Apr 19 06:46:43 fedora systemd[1]: Detected virtualization kvm.
Apr 19 06:46:43 fedora systemd[1]: Detected architecture x86-64.
Apr 19 06:46:43 fedora systemd[1]: Initializing machine ID from VM UUID.
Apr 19 06:46:43 fedora systemd[1]: bpf-lsm: LSM BPF program attached
Apr 19 06:46:43 fedora kernel: zram: Added device: zram0
Apr 19 06:46:43 fedora systemd[1]: initrd-switch-root.service: Deactivated successfully.
Apr 19 06:46:43 fedora systemd[1]: Stopped initrd-switch-root.service - Switch Root.
Apr 19 06:46:43 fedora systemd[1]: systemd-journald.service: Scheduled restart job, restart counter is at 1.
Apr 19 06:46:43 fedora systemd[1]: Created slice system-anaconda\x2dtmux.slice - Slice /system/anaconda-tmux.
Apr 19 06:46:43 fedora systemd[1]: Created slice system-sshd\x2dkeygen.slice - Slice /system/sshd-keygen.
Apr 19 06:46:43 fedora systemd[1]: Created slice system-systemd\x2dzram\x2dsetup.slice - Slice /system/systemd-zram-setup.
Apr 19 06:46:43 fedora systemd[1]: Created slice user.slice - User and Session Slice.
Apr 19 06:46:43 fedora systemd[1]: systemd-ask-password-console.path - Dispatch Password Requests to Console Directory Watch was skipped because of an unmet condition check (ConditionPathExists=!/run/plymouth/pid).
Apr 19 06:46:43 fedora systemd[1]: Set up automount proc-sys-fs-binfmt_misc.automount - Arbitrary Executable File Formats File System Automount Point.
Apr 19 06:46:43 fedora systemd[1]: Reached target cryptsetup.target - Local Encrypted Volumes.
Apr 19 06:46:43 fedora systemd[1]: Stopped target initrd-switch-root.target - Switch Root.
Apr 19 06:46:43 fedora systemd[1]: Stopped target initrd-fs.target - Initrd File Systems.
Apr 19 06:46:43 fedora systemd[1]: Stopped target initrd-root-fs.target - Initrd Root File System.
Apr 19 06:46:43 fedora systemd[1]: Reached target integritysetup.target - Local Integrity Protected Volumes.
Apr 19 06:46:43 fedora systemd[1]: Reached target paths.target - Path Units.
Apr 19 06:46:43 fedora systemd[1]: Reached target slices.target - Slice Units.
Apr 19 06:46:43 fedora systemd[1]: Reached target veritysetup.target - Local Verity Protected Volumes.
Apr 19 06:46:43 fedora systemd[1]: Listening on lvm2-lvmpolld.socket - LVM2 poll daemon socket.
Apr 19 06:46:43 fedora systemd[1]: Listening on multipathd.socket - multipathd control socket.
Apr 19 06:46:43 fedora systemd[1]: Listening on systemd-coredump.socket - Process Core Dump Socket.
Apr 19 06:46:43 fedora systemd[1]: Listening on systemd-initctl.socket - initctl Compatibility Named Pipe.
Apr 19 06:46:43 fedora systemd[1]: Listening on systemd-udevd-control.socket - udev Control Socket.
Apr 19 06:46:43 fedora systemd[1]: Listening on systemd-udevd-kernel.socket - udev Kernel Socket.
Apr 19 06:46:43 fedora systemd[1]: Listening on systemd-userdbd.socket - User Database Manager Socket.
Apr 19 06:46:43 fedora systemd[1]: Mounting dev-hugepages.mount - Huge Pages File System...
Apr 19 06:46:43 fedora systemd[1]: Mounting dev-mqueue.mount - POSIX Message Queue File System...
Apr 19 06:46:43 fedora systemd[1]: Mounting sys-kernel-debug.mount - Kernel Debug File System...
Apr 19 06:46:43 fedora systemd[1]: Mounting sys-kernel-tracing.mount - Kernel Trace File System...
Apr 19 06:46:43 fedora systemd[1]: iscsi-starter.service was skipped because of an unmet condition check (ConditionDirectoryNotEmpty=/var/lib/iscsi/nodes).
Apr 19 06:46:43 fedora systemd[1]: Starting kmod-static-nodes.service - Create List of Static Device Nodes...
Apr 19 06:46:43 fedora systemd[1]: Starting modprobe@configfs.service - Load Kernel Module configfs...
Apr 19 06:46:43 fedora systemd[1]: Starting modprobe@dm_mod.service - Load Kernel Module dm_mod...
Apr 19 06:46:43 fedora systemd[1]: Starting modprobe@drm.service - Load Kernel Module drm...
Apr 19 06:46:43 fedora systemd[1]: Starting modprobe@fuse.service - Load Kernel Module fuse...
Apr 19 06:46:43 fedora systemd[1]: Starting modprobe@loop.service - Load Kernel Module loop...
Apr 19 06:46:43 fedora systemd[1]: plymouth-switch-root.service: Deactivated successfully.
Apr 19 06:46:43 fedora systemd[1]: Stopped plymouth-switch-root.service - Plymouth switch root service.
Apr 19 06:46:43 fedora systemd[1]: Stopped systemd-journald.service - Journal Service.
Apr 19 06:46:43 fedora systemd[1]: Listening on systemd-journald-audit.socket - Journal Audit Socket.
Apr 19 06:46:43 fedora kernel: fuse: init (API version 7.38)
Apr 19 06:46:43 fedora systemd[1]: Starting systemd-journald.service - Journal Service...
Apr 19 06:46:43 fedora systemd[1]: Starting systemd-modules-load.service - Load Kernel Modules...
Apr 19 06:46:43 fedora systemd[1]: Starting systemd-network-generator.service - Generate network units from Kernel command line...
Apr 19 06:46:43 fedora systemd[1]: systemd-pcrmachine.service - TPM2 PCR Machine ID Measurement was skipped because of an unmet condition check (ConditionPathExists=/sys/firmware/efi/efivars/StubPcrKernelImage-4a67b082-0a4c-41cf-b6c7-440b29bb8c4f).
Apr 19 06:46:43 fedora systemd[1]: Starting systemd-remount-fs.service - Remount Root and Kernel File Systems...
Apr 19 06:46:43 fedora systemd[1]: Starting systemd-udev-trigger.service - Coldplug All udev Devices...
Apr 19 06:46:43 fedora systemd[1]: Mounted dev-hugepages.mount - Huge Pages File System.
Apr 19 06:46:43 fedora systemd[1]: Mounted dev-mqueue.mount - POSIX Message Queue File System.
Apr 19 06:46:43 fedora systemd-journald[1628]: Collecting audit messages is enabled.
Apr 19 06:46:43 fedora systemd[1]: Mounted sys-kernel-debug.mount - Kernel Debug File System.
Apr 19 06:46:43 fedora systemd[1]: Mounted sys-kernel-tracing.mount - Kernel Trace File System.
Apr 19 06:46:43 fedora systemd-journald[1628]: Journal started
Apr 19 06:46:43 fedora systemd-journald[1628]: Runtime Journal (/run/log/journal/4fc9fb1294dd43479d10ca828aab2049) is 8.0M, max 78.0M, 70.0M free.
Apr 19 06:46:43 fedora systemd[1]: Queued start job for default target anaconda.target.
Apr 19 06:46:43 fedora systemd[1]: systemd-journald.service: Deactivated successfully.
Apr 19 06:46:43 fedora systemd[1]: Finished kmod-static-nodes.service - Create List of Static Device Nodes.
Apr 19 06:46:43 fedora audit[1]: SERVICE_START pid=1 uid=0 auid=4294967295 ses=4294967295 subj=system_u:system_r:kernel_t:s0 msg='unit=kmod-static-nodes comm="systemd" exe="/usr/lib/systemd/systemd" hostname=? addr=? terminal=? res=success'
Apr 19 06:46:43 fedora systemd[1]: Started systemd-journald.service - Journal Service.
Apr 19 06:46:43 fedora audit[1]: SERVICE_START pid=1 uid=0 auid=4294967295 ses=4294967295 subj=system_u:system_r:kernel_t:s0 msg='unit=systemd-journald comm="systemd" exe="/usr/lib/systemd/systemd" hostname=? addr=? terminal=? res=success'
Apr 19 06:46:43 fedora systemd[1]: modprobe@configfs.service: Deactivated successfully.
Apr 19 06:46:43 fedora systemd[1]: Finished modprobe@configfs.service - Load Kernel Module configfs.
Apr 19 06:46:43 fedora audit[1]: SERVICE_START pid=1 uid=0 auid=4294967295 ses=4294967295 subj=system_u:system_r:kernel_t:s0 msg='unit=modprobe@configfs comm="systemd" exe="/usr/lib/systemd/systemd" hostname=? addr=? terminal=? res=success'
Apr 19 06:46:43 fedora audit[1]: SERVICE_STOP pid=1 uid=0 auid=4294967295 ses=4294967295 subj=system_u:system_r:kernel_t:s0 msg='unit=modprobe@configfs comm="systemd" exe="/usr/lib/systemd/systemd" hostname=? addr=? terminal=? res=success'
Apr 19 06:46:43 fedora systemd[1]: modprobe@dm_mod.service: Deactivated successfully.
Apr 19 06:46:43 fedora systemd[1]: Finished modprobe@dm_mod.service - Load Kernel Module dm_mod.
Apr 19 06:46:43 fedora audit[1]: SERVICE_START pid=1 uid=0 auid=4294967295 ses=4294967295 subj=system_u:system_r:kernel_t:s0 msg='unit=modprobe@dm_mod comm="systemd" exe="/usr/lib/systemd/systemd" hostname=? addr=? terminal=? res=success'
Apr 19 06:46:43 fedora audit[1]: SERVICE_STOP pid=1 uid=0 auid=4294967295 ses=4294967295 subj=system_u:system_r:kernel_t:s0 msg='unit=modprobe@dm_mod comm="systemd" exe="/usr/lib/systemd/systemd" hostname=? addr=? terminal=? res=success'
Apr 19 06:46:43 fedora systemd[1]: modprobe@drm.service: Deactivated successfully.
Apr 19 06:46:43 fedora systemd[1]: Finished modprobe@drm.service - Load Kernel Module drm.
Apr 19 06:46:43 fedora audit[1]: SERVICE_START pid=1 uid=0 auid=4294967295 ses=4294967295 subj=system_u:system_r:kernel_t:s0 msg='unit=modprobe@drm comm="systemd" exe="/usr/lib/systemd/systemd" hostname=? addr=? terminal=? res=success'
Apr 19 06:46:43 fedora audit[1]: SERVICE_STOP pid=1 uid=0 auid=4294967295 ses=4294967295 subj=system_u:system_r:kernel_t:s0 msg='unit=modprobe@drm comm="systemd" exe="/usr/lib/systemd/systemd" hostname=? addr=? terminal=? res=success'
Apr 19 06:46:43 fedora systemd[1]: modprobe@fuse.service: Deactivated successfully.
Apr 19 06:46:43 fedora systemd[1]: Finished modprobe@fuse.service - Load Kernel Module fuse.
Apr 19 06:46:43 fedora audit[1]: SERVICE_START pid=1 uid=0 auid=4294967295 ses=4294967295 subj=system_u:system_r:kernel_t:s0 msg='unit=modprobe@fuse comm="systemd" exe="/usr/lib/systemd/systemd" hostname=? addr=? terminal=? res=success'
Apr 19 06:46:43 fedora audit[1]: SERVICE_STOP pid=1 uid=0 auid=4294967295 ses=4294967295 subj=system_u:system_r:kernel_t:s0 msg='unit=modprobe@fuse comm="systemd" exe="/usr/lib/systemd/systemd" hostname=? addr=? terminal=? res=success'
Apr 19 06:46:43 fedora systemd[1]: modprobe@loop.service: Deactivated successfully.
Apr 19 06:46:43 fedora systemd[1]: Finished modprobe@loop.service - Load Kernel Module loop.
Apr 19 06:46:43 fedora audit[1]: SERVICE_START pid=1 uid=0 auid=4294967295 ses=4294967295 subj=system_u:system_r:kernel_t:s0 msg='unit=modprobe@loop comm="systemd" exe="/usr/lib/systemd/systemd" hostname=? addr=? terminal=? res=success'
Apr 19 06:46:43 fedora audit[1]: SERVICE_STOP pid=1 uid=0 auid=4294967295 ses=4294967295 subj=system_u:system_r:kernel_t:s0 msg='unit=modprobe@loop comm="systemd" exe="/usr/lib/systemd/systemd" hostname=? addr=? terminal=? res=success'
Apr 19 06:46:43 fedora systemd[1]: Finished systemd-modules-load.service - Load Kernel Modules.
Apr 19 06:46:43 fedora audit[1]: SERVICE_START pid=1 uid=0 auid=4294967295 ses=4294967295 subj=system_u:system_r:kernel_t:s0 msg='unit=systemd-modules-load comm="systemd" exe="/usr/lib/systemd/systemd" hostname=? addr=? terminal=? res=success'
Apr 19 06:46:43 fedora systemd[1]: Finished systemd-network-generator.service - Generate network units from Kernel command line.
Apr 19 06:46:43 fedora audit[1]: SERVICE_START pid=1 uid=0 auid=4294967295 ses=4294967295 subj=system_u:system_r:kernel_t:s0 msg='unit=systemd-network-generator comm="systemd" exe="/usr/lib/systemd/systemd" hostname=? addr=? terminal=? res=success'
Apr 19 06:46:43 fedora systemd[1]: Finished systemd-remount-fs.service - Remount Root and Kernel File Systems.
Apr 19 06:46:43 fedora audit[1]: SERVICE_START pid=1 uid=0 auid=4294967295 ses=4294967295 subj=system_u:system_r:kernel_t:s0 msg='unit=systemd-remount-fs comm="systemd" exe="/usr/lib/systemd/systemd" hostname=? addr=? terminal=? res=success'
Apr 19 06:46:43 fedora systemd[1]: Reached target network-pre.target - Preparation for Network.
Apr 19 06:46:43 fedora systemd[1]: Mounting sys-fs-fuse-connections.mount - FUSE Control File System...
Apr 19 06:46:43 fedora systemd[1]: iscsi-onboot.service - Special handling of early boot iSCSI sessions was skipped because of an unmet condition check (ConditionDirectoryNotEmpty=/sys/class/iscsi_session).
Apr 19 06:46:43 fedora systemd[1]: Starting multipathd.service - Device-Mapper Multipath Device Controller...
Apr 19 06:46:43 fedora systemd[1]: ostree-remount.service - OSTree Remount OS/ Bind Mounts was skipped because of an unmet condition check (ConditionKernelCommandLine=ostree).
Apr 19 06:46:43 fedora systemd[1]: systemd-firstboot.service - First Boot Wizard was skipped because of an unmet condition check (ConditionFirstBoot=yes).
Apr 19 06:46:43 fedora systemd[1]: Starting systemd-hwdb-update.service - Rebuild Hardware Database...
Apr 19 06:46:43 fedora systemd[1]: Starting systemd-journal-flush.service - Flush Journal to Persistent Storage...
Apr 19 06:46:43 fedora systemd[1]: Starting systemd-random-seed.service - Load/Save OS Random Seed...
Apr 19 06:46:43 fedora systemd-journald[1628]: Runtime Journal (/run/log/journal/4fc9fb1294dd43479d10ca828aab2049) is 8.0M, max 78.0M, 70.0M free.
Apr 19 06:46:43 fedora systemd-journald[1628]: Received client request to flush runtime journal.
Apr 19 06:46:43 fedora systemd[1]: systemd-repart.service - Repartition Root Disk was skipped because no trigger condition checks were met.
Apr 19 06:46:43 fedora systemd[1]: Starting systemd-sysctl.service - Apply Kernel Variables...
Apr 19 06:46:43 fedora systemd[1]: Starting systemd-sysusers.service - Create System Users...
Apr 19 06:46:43 fedora systemd[1]: Finished systemd-udev-trigger.service - Coldplug All udev Devices.
Apr 19 06:46:43 fedora audit[1]: SERVICE_START pid=1 uid=0 auid=4294967295 ses=4294967295 subj=system_u:system_r:kernel_t:s0 msg='unit=systemd-udev-trigger comm="systemd" exe="/usr/lib/systemd/systemd" hostname=? addr=? terminal=? res=success'
Apr 19 06:46:43 fedora systemd[1]: Mounted sys-fs-fuse-connections.mount - FUSE Control File System.
Apr 19 06:46:43 fedora audit[1640]: AVC avc:  denied  { remount } for  pid=1640 comm="(sd-mkdcreds)" scontext=system_u:system_r:kernel_t:s0 tcontext=system_u:object_r:tmpfs_t:s0 tclass=filesystem permissive=1
Apr 19 06:46:43 fedora audit[1640]: SYSCALL arch=c000003e syscall=165 success=yes exit=0 a0=0 a1=7ffd1f87f8c0 a2=0 a3=102f items=0 ppid=1638 pid=1640 auid=4294967295 uid=0 gid=0 euid=0 suid=0 fsuid=0 egid=0 sgid=0 fsgid=0 tty=(none) ses=4294967295 comm="(sd-mkdcreds)" exe="/usr/lib/systemd/systemd" subj=system_u:system_r:kernel_t:s0 key=(null)
Apr 19 06:46:43 fedora audit[1641]: AVC avc:  denied  { mounton } for  pid=1641 comm="(sd-mkdcreds)" path="/run/credentials/systemd-sysusers.service" dev="tmpfs" ino=551 scontext=system_u:system_r:kernel_t:s0 tcontext=system_u:object_r:var_run_t:s0 tclass=dir permissive=1
Apr 19 06:46:43 fedora audit[1641]: SYSCALL arch=c000003e syscall=165 success=yes exit=0 a0=7fcd9640f2e5 a1=7ffd1f87f8c0 a2=0 a3=2000 items=1 ppid=1639 pid=1641 auid=4294967295 uid=0 gid=0 euid=0 suid=0 fsuid=0 egid=0 sgid=0 fsgid=0 tty=(none) ses=4294967295 comm="(sd-mkdcreds)" exe="/usr/lib/systemd/systemd" subj=system_u:system_r:kernel_t:s0 key=(null)
Apr 19 06:46:43 fedora audit: CWD cwd="/"
Apr 19 06:46:43 fedora audit: PATH item=0 name="/dev/shm" inode=17947 dev=00:23 mode=040500 ouid=0 ogid=0 rdev=00:00 obj=system_u:object_r:var_run_t:s0 nametype=NORMAL cap_fp=0 cap_fi=0 cap_fe=0 cap_fver=0 cap_frootid=0
Apr 19 06:46:43 fedora audit: PROCTITLE proctitle="(sd-mkdcreds)"
Apr 19 06:46:43 fedora audit: PROCTITLE proctitle="(sd-mkdcreds)"
Apr 19 06:46:43 fedora systemd[1]: Finished systemd-journal-flush.service - Flush Journal to Persistent Storage.
Apr 19 06:46:43 fedora audit[1]: SERVICE_START pid=1 uid=0 auid=4294967295 ses=4294967295 subj=system_u:system_r:kernel_t:s0 msg='unit=systemd-journal-flush comm="systemd" exe="/usr/lib/systemd/systemd" hostname=? addr=? terminal=? res=success'
Apr 19 06:46:43 fedora systemd[1]: Finished systemd-random-seed.service - Load/Save OS Random Seed.
Apr 19 06:46:43 fedora audit[1]: SERVICE_START pid=1 uid=0 auid=4294967295 ses=4294967295 subj=system_u:system_r:kernel_t:s0 msg='unit=systemd-random-seed comm="systemd" exe="/usr/lib/systemd/systemd" hostname=? addr=? terminal=? res=success'
Apr 19 06:46:43 fedora systemd[1]: first-boot-complete.target - First Boot Complete was skipped because of an unmet condition check (ConditionFirstBoot=yes).
Apr 19 06:46:43 fedora systemd[1]: Starting systemd-udev-settle.service - Wait for udev To Complete Device Initialization...
Apr 19 06:46:43 fedora audit[1638]: AVC avc:  denied  { write } for  pid=1638 comm="systemd-sysctl" name="ptrace_scope" dev="proc" ino=1507 scontext=system_u:system_r:kernel_t:s0 tcontext=system_u:object_r:sysctl_kernel_t:s0 tclass=file permissive=1
Apr 19 06:46:43 fedora audit[1638]: SYSCALL arch=c000003e syscall=257 success=yes exit=4 a0=ffffff9c a1=7ffdf3fa6c90 a2=80102 a3=0 items=0 ppid=1 pid=1638 auid=4294967295 uid=0 gid=0 euid=0 suid=0 fsuid=0 egid=0 sgid=0 fsgid=0 tty=(none) ses=4294967295 comm="systemd-sysctl" exe="/usr/lib/systemd/systemd-sysctl" subj=system_u:system_r:kernel_t:s0 key=(null)
Apr 19 06:46:43 fedora audit: PROCTITLE proctitle="/usr/lib/systemd/systemd-sysctl"
Apr 19 06:46:43 fedora audit[1638]: AVC avc:  denied  { read write } for  pid=1638 comm="systemd-sysctl" name="suid_dumpable" dev="proc" ino=1509 scontext=system_u:system_r:kernel_t:s0 tcontext=system_u:object_r:proc_security_t:s0 tclass=file permissive=1
Apr 19 06:46:43 fedora audit[1638]: AVC avc:  denied  { open } for  pid=1638 comm="systemd-sysctl" path="/proc/sys/fs/suid_dumpable" dev="proc" ino=1509 scontext=system_u:system_r:kernel_t:s0 tcontext=system_u:object_r:proc_security_t:s0 tclass=file permissive=1
Apr 19 06:46:43 fedora audit[1638]: SYSCALL arch=c000003e syscall=257 success=yes exit=4 a0=ffffff9c a1=7ffdf3fa6c90 a2=80102 a3=0 items=0 ppid=1 pid=1638 auid=4294967295 uid=0 gid=0 euid=0 suid=0 fsuid=0 egid=0 sgid=0 fsgid=0 tty=(none) ses=4294967295 comm="systemd-sysctl" exe="/usr/lib/systemd/systemd-sysctl" subj=system_u:system_r:kernel_t:s0 key=(null)
Apr 19 06:46:43 fedora audit: PROCTITLE proctitle="/usr/lib/systemd/systemd-sysctl"
Apr 19 06:46:43 fedora audit[1638]: AVC avc:  denied  { getattr } for  pid=1638 comm="systemd-sysctl" path="/proc/sys/fs/suid_dumpable" dev="proc" ino=1509 scontext=system_u:system_r:kernel_t:s0 tcontext=system_u:object_r:proc_security_t:s0 tclass=file permissive=1
Apr 19 06:46:43 fedora audit[1638]: SYSCALL arch=c000003e syscall=262 success=yes exit=0 a0=4 a1=7f0c97cd9b93 a2=7ffdf3fa6ab0 a3=1000 items=0 ppid=1 pid=1638 auid=4294967295 uid=0 gid=0 euid=0 suid=0 fsuid=0 egid=0 sgid=0 fsgid=0 tty=(none) ses=4294967295 comm="systemd-sysctl" exe="/usr/lib/systemd/systemd-sysctl" subj=system_u:system_r:kernel_t:s0 key=(null)
Apr 19 06:46:43 fedora audit: PROCTITLE proctitle="/usr/lib/systemd/systemd-sysctl"
Apr 19 06:46:43 fedora audit[1638]: AVC avc:  denied  { read write } for  pid=1638 comm="systemd-sysctl" name="rp_filter" dev="proc" ino=1515 scontext=system_u:system_r:kernel_t:s0 tcontext=system_u:object_r:sysctl_net_t:s0 tclass=file permissive=1
Apr 19 06:46:43 fedora audit[1638]: AVC avc:  denied  { open } for  pid=1638 comm="systemd-sysctl" path="/proc/sys/net/ipv4/conf/default/rp_filter" dev="proc" ino=1515 scontext=system_u:system_r:kernel_t:s0 tcontext=system_u:object_r:sysctl_net_t:s0 tclass=file permissive=1
Apr 19 06:46:43 fedora audit[1638]: SYSCALL arch=c000003e syscall=257 success=yes exit=4 a0=ffffff9c a1=7ffdf3fa6c80 a2=80102 a3=0 items=0 ppid=1 pid=1638 auid=4294967295 uid=0 gid=0 euid=0 suid=0 fsuid=0 egid=0 sgid=0 fsgid=0 tty=(none) ses=4294967295 comm="systemd-sysctl" exe="/usr/lib/systemd/systemd-sysctl" subj=system_u:system_r:kernel_t:s0 key=(null)
Apr 19 06:46:43 fedora audit: PROCTITLE proctitle="/usr/lib/systemd/systemd-sysctl"
Apr 19 06:46:43 fedora audit[1638]: AVC avc:  denied  { getattr } for  pid=1638 comm="systemd-sysctl" path="/proc/sys/net/ipv4/conf/default/rp_filter" dev="proc" ino=1515 scontext=system_u:system_r:kernel_t:s0 tcontext=system_u:object_r:sysctl_net_t:s0 tclass=file permissive=1
Apr 19 06:46:43 fedora audit[1638]: SYSCALL arch=c000003e syscall=262 success=yes exit=0 a0=4 a1=7f0c97cd9b93 a2=7ffdf3fa6aa0 a3=1000 items=0 ppid=1 pid=1638 auid=4294967295 uid=0 gid=0 euid=0 suid=0 fsuid=0 egid=0 sgid=0 fsgid=0 tty=(none) ses=4294967295 comm="systemd-sysctl" exe="/usr/lib/systemd/systemd-sysctl" subj=system_u:system_r:kernel_t:s0 key=(null)
Apr 19 06:46:43 fedora audit: PROCTITLE proctitle="/usr/lib/systemd/systemd-sysctl"
Apr 19 06:46:43 fedora audit[1638]: AVC avc:  denied  { read } for  pid=1638 comm="systemd-sysctl" name="conf" dev="proc" ino=1513 scontext=system_u:system_r:kernel_t:s0 tcontext=system_u:object_r:sysctl_net_t:s0 tclass=dir permissive=1
Apr 19 06:46:43 fedora audit[1638]: AVC avc:  denied  { open } for  pid=1638 comm="systemd-sysctl" path="/proc/sys/net/ipv4/conf" dev="proc" ino=1513 scontext=system_u:system_r:kernel_t:s0 tcontext=system_u:object_r:sysctl_net_t:s0 tclass=dir permissive=1
Apr 19 06:46:43 fedora audit[1638]: SYSCALL arch=c000003e syscall=257 success=yes exit=4 a0=ffffff9c a1=7ffdf3fa6160 a2=90800 a3=0 items=0 ppid=1 pid=1638 auid=4294967295 uid=0 gid=0 euid=0 suid=0 fsuid=0 egid=0 sgid=0 fsgid=0 tty=(none) ses=4294967295 comm="systemd-sysctl" exe="/usr/lib/systemd/systemd-sysctl" subj=system_u:system_r:kernel_t:s0 key=(null)
Apr 19 06:46:43 fedora audit: PROCTITLE proctitle="/usr/lib/systemd/systemd-sysctl"
